<html>
<body>
<pre>
<h1>µVision Build Log</h1>
<h2>Tool Versions:</h2>
IDE-Version: µVision V5.28.0.0
Copyright (C) 2019 ARM Ltd and ARM Germany GmbH. All rights reserved.
License Information: sdbvchcfhweb rwgvbwergv, rvergverver, LIC=----
 
Tool Versions:
Toolchain:       MDK-Lite  Version: 5.28.0.0
Toolchain Path:  D:\Keil C\ARM\ARMCC\Bin
C Compiler:      Armcc.exe V5.06 update 6 (build 750)
Assembler:       Armasm.exe V5.06 update 6 (build 750)
Linker/Locator:  ArmLink.exe V5.06 update 6 (build 750)
Library Manager: ArmAr.exe V5.06 update 6 (build 750)
Hex Converter:   FromElf.exe V5.06 update 6 (build 750)
CPU DLL:         SARMCM3.DLL V5.28.0.0
Dialog DLL:      DCM.DLL V1.17.3.0
Target DLL:      STLink\ST-LINKIII-KEIL_SWO.dll V3.0.6.0
Dialog DLL:      TCM.DLL V1.36.2.0
 
<h2>Project:</h2>
C:\Users\hnaco\Desktop\A Bien\STM32\MDK\test_senser.uvprojx
Project File Date:  10/08/2022

<h2>Output:</h2>
*** Using Compiler 'V5.06 update 6 (build 750)', folder: 'D:\Keil C\ARM\ARMCC\Bin'
Rebuild target 'test'
compiling ringbuffer.c...
..\USER\ringbuffer.h(43): warning:  #1-D: last line of file ends without a newline
  #endif
..\USER\ringbuffer.c(18): warning:  #513-D: a value of type "char *" cannot be assigned to an entity of type "unsigned char *"
          _rb_type_t_->data          = arr_buffer;
..\USER\ringbuffer.c(148): warning:  #1-D: last line of file ends without a newline
  }
..\USER\ringbuffer.c(93): warning:  #550-D: variable "location_end"  was set but never used
      unsigned int location_end = 0;
..\USER\ringbuffer.c: 4 warnings, 0 errors
compiling misc.c...
compiling Delay.c...
compiling uart.c...
compiling stm32f10x_gpio.c...
compiling main.c...
..\USER\device_command.h(90): warning:  #1-D: last line of file ends without a newline
  #endif
..\USER\main.c: 1 warning, 0 errors
compiling device_command.c...
..\USER\device_command.h(90): warning:  #1-D: last line of file ends without a newline
  #endif
..\USER\device_command.c(63): warning:  #111-D: statement is unreachable
          break;
..\USER\device_command.c(98): warning:  #188-D: enumerated type mixed with another type
      _data_struct_->type_msg =  conver_unsigned_strToint(temp_str[1]);
..\USER\device_command.c(102): warning:  #188-D: enumerated type mixed with another type
          _data_struct_->port_number =  conver_unsigned_strToint(temp_str[2]);
..\USER\device_command.c(110): warning:  #188-D: enumerated type mixed with another type
          _data_struct_->port_number = conver_unsigned_strToint(temp_str[2]);
..\USER\device_command.c(111): warning:  #188-D: enumerated type mixed with another type
          _data_struct_->type_sensor = conver_unsigned_strToint(temp_str[3]);
..\USER\device_command.c(119): warning:  #188-D: enumerated type mixed with another type
          _data_struct_->port_number =  conver_unsigned_strToint(temp_str[2]);
..\USER\device_command.c(127): warning:  #188-D: enumerated type mixed with another type
          _data_struct_->port_number = conver_unsigned_strToint(temp_str[2]);
..\USER\device_command.c(128): warning:  #188-D: enumerated type mixed with another type
          _data_struct_->type_sensor = conver_unsigned_strToint(temp_str[3]);
..\USER\device_command.c(353): warning:  #1-D: last line of file ends without a newline
  }
..\USER\device_command.c: 10 warnings, 0 errors
assembling startup_stm32f10x_md.s...
compiling stm32f10x_rcc.c...
compiling stm32f10x_usart.c...
compiling system_stm32f10x.c...
compiling stm32f10x_tim.c...
linking...
Program Size: Code=7876 RO-data=444 RW-data=32 ZI-data=1736  
".\Objects\test_senser.axf" - 0 Error(s), 15 Warning(s).

<h2>Software Packages used:</h2>

Package Vendor: ARM
                http://www.keil.com/pack/ARM.CMSIS.5.9.0.pack
                ARM.CMSIS.5.9.0
                CMSIS (Common Microcontroller Software Interface Standard)
   * Component: CORE Version: 5.6.0

Package Vendor: Keil
                http://www.keil.com/pack/Keil.STM32F1xx_DFP.2.4.0.pack
                Keil.STM32F1xx_DFP.2.4.0
                STMicroelectronics STM32F1 Series Device Support, Drivers and Examples
   * Component: Startup Version: 1.0.0
   * Component: Framework Version: 3.6.0
   * Component: GPIO Version: 3.6.0
   * Component: RCC Version: 3.6.0
   * Component: TIM Version: 3.6.0
   * Component: USART Version: 3.6.0

<h2>Collection of Component include folders:</h2>
  .\RTE\Device\STM32F103C8
  .\RTE\_test
  D:\Keil C\ARM\CMSIS\5.9.0\CMSIS\Core\Include
  D:\Keil C\Keil\STM32F1xx_DFP\2.4.0\Device\Include
  D:\Keil C\Keil\STM32F1xx_DFP\2.4.0\Device\StdPeriph_Driver\inc

<h2>Collection of Component Files used:</h2>

   * Component: ARM::CMSIS:CORE:5.6.0

   * Component: Keil::Device:Startup:1.0.0
      Source file:   Device\Source\system_stm32f10x.c
      Source file:   Device\Source\ARM\startup_stm32f10x_md.s
      Include file:  RTE_Driver\Config\RTE_Device.h
      Source file:   Device\Source\ARM\STM32F1xx_OPT.s

   * Component: Keil::Device:StdPeriph Drivers:Framework:3.6.0
      Source file:   Device\StdPeriph_Driver\src\misc.c
      Include file:  Device\StdPeriph_Driver\templates\stm32f10x_it.h
      Include file:  Device\StdPeriph_Driver\inc\misc.h
      Source file:   Device\StdPeriph_Driver\templates\stm32f10x_it.c
      Source file:   Device\StdPeriph_Driver\templates\stm32f10x_conf.h

   * Component: Keil::Device:StdPeriph Drivers:GPIO:3.6.0
      Include file:  Device\StdPeriph_Driver\inc\stm32f10x_gpio.h
      Source file:   Device\StdPeriph_Driver\src\stm32f10x_gpio.c

   * Component: Keil::Device:StdPeriph Drivers:RCC:3.6.0
      Source file:   Device\StdPeriph_Driver\src\stm32f10x_rcc.c
      Include file:  Device\StdPeriph_Driver\inc\stm32f10x_rcc.h

   * Component: Keil::Device:StdPeriph Drivers:TIM:3.6.0
      Source file:   Device\StdPeriph_Driver\src\stm32f10x_tim.c
      Include file:  Device\StdPeriph_Driver\inc\stm32f10x_tim.h

   * Component: Keil::Device:StdPeriph Drivers:USART:3.6.0
      Source file:   Device\StdPeriph_Driver\src\stm32f10x_usart.c
      Include file:  Device\StdPeriph_Driver\inc\stm32f10x_usart.h
Build Time Elapsed:  00:00:01
</pre>
</body>
</html>
