Component: ARM Compiler 5.06 update 6 (build 750) Tool: armlink [4d35ed]

==============================================================================

Section Cross References

    main_1.o(i.Show_detect) refers to _printf_percent.o(.ARM.Collect$$_printf_percent$$00000000) for _printf_percent
    main_1.o(i.Show_detect) refers to _printf_f.o(.ARM.Collect$$_printf_percent$$00000003) for _printf_f
    main_1.o(i.Show_detect) refers to printf1.o(x$fpl$printf1) for _printf_fp_dec
    main_1.o(i.Show_detect) refers to uart.o(i.UART2_SendString) for UART2_SendString
    main_1.o(i.Show_detect) refers to f2d.o(x$fpl$f2d) for __aeabi_f2d
    main_1.o(i.Show_detect) refers to noretval__2sprintf.o(.text) for __2sprintf
    main_1.o(i.main) refers to uart.o(i.INIT_UART_2) for INIT_UART_2
    main_1.o(i.main) refers to uart.o(i.UART2_SendString) for UART2_SendString
    main_1.o(i.main) refers to device_command.o(i.comm_create_command) for comm_create_command
    main_1.o(i.main) refers to device_command.o(i.comm_detect_command) for comm_detect_command
    main_1.o(i.main) refers to rt_memcpy_w.o(.text) for __aeabi_memcpy4
    main_1.o(i.main) refers to main_1.o(i.Show_detect) for Show_detect
    main_1.o(i.main) refers to main_1.o(i.delay) for delay
    main_1.o(i.main) refers to ringbuffer.o(i.ringbuffer_get_arr) for ringbuffer_get_arr
    main_1.o(i.main) refers to main_1.o(.data) for i
    main_1.o(i.main) refers to main_1.o(.bss) for test
    main_1.o(i.main) refers to uart.o(.bss) for ringbuffer_Test
    ringbuffer.o(i.ringbuffer_get_arr) refers to ringbuffer.o(i.ringbuffer_get_tail) for ringbuffer_get_tail
    ringbuffer.o(i.ringbuffer_get_arr) refers to ringbuffer.o(i.ringbuffer_get_head) for ringbuffer_get_head
    ringbuffer.o(i.ringbuffer_get_arr) refers to ringbuffer.o(i.ringbuffer_empty) for ringbuffer_empty
    ringbuffer.o(i.ringbuffer_get_arr) refers to ringbuffer.o(i.ringbuffer_pop) for ringbuffer_pop
    ringbuffer.o(i.ringbuffer_pop) refers to ringbuffer.o(i.ringbuffer_empty) for ringbuffer_empty
    ringbuffer.o(i.ringbuffer_pop) refers to ringbuffer.o(i.ringbuffer_increase_tail) for ringbuffer_increase_tail
    ringbuffer.o(i.ringbuffer_push) refers to ringbuffer.o(i.ringbuffer_full) for ringbuffer_full
    ringbuffer.o(i.ringbuffer_push) refers to ringbuffer.o(i.ringbuffer_increase_tail) for ringbuffer_increase_tail
    ringbuffer.o(i.ringbuffer_push) refers to ringbuffer.o(i.ringbuffer_increase_head) for ringbuffer_increase_head
    device_command.o(i.checksum) refers to device_command.o(.data) for tempcrc
    device_command.o(i.comm_create_command) refers to device_command.o(i.string_copy) for string_copy
    device_command.o(i.comm_create_command) refers to device_command.o(i.string_cat) for string_cat
    device_command.o(i.comm_create_command) refers to device_command.o(i.conver_unsigned_intTostr) for conver_unsigned_intTostr
    device_command.o(i.comm_create_command) refers to device_command.o(i.string_crc) for string_crc
    device_command.o(i.comm_create_command) refers to device_command.o(i.conver_floatTostr) for conver_floatTostr
    device_command.o(i.comm_detect_command) refers to device_command.o(i.string_cmp_len) for string_cmp_len
    device_command.o(i.comm_detect_command) refers to device_command.o(i.string_length) for string_length
    device_command.o(i.comm_detect_command) refers to device_command.o(i.string_split) for string_split
    device_command.o(i.comm_detect_command) refers to device_command.o(i.conver_unsigned_strToint) for conver_unsigned_strToint
    device_command.o(i.comm_detect_command) refers to device_command.o(i.checksum) for checksum
    device_command.o(i.comm_detect_command) refers to device_command.o(i.conver_strTofloat) for conver_strTofloat
    device_command.o(i.conver_floatTostr) refers to f2d.o(x$fpl$f2d) for __aeabi_f2d
    device_command.o(i.conver_floatTostr) refers to dleqf.o(x$fpl$dleqf) for __aeabi_cdcmple
    device_command.o(i.conver_floatTostr) refers to device_command.o(i.string_copy) for string_copy
    device_command.o(i.conver_floatTostr) refers to dmul.o(x$fpl$dmul) for __aeabi_dmul
    device_command.o(i.conver_floatTostr) refers to d2f.o(x$fpl$d2f) for __aeabi_d2f
    device_command.o(i.conver_floatTostr) refers to ffix.o(x$fpl$ffix) for __aeabi_f2iz
    device_command.o(i.conver_floatTostr) refers to fflt_clz.o(x$fpl$ffltu) for __aeabi_ui2f
    device_command.o(i.conver_floatTostr) refers to faddsub_clz.o(x$fpl$frsb) for __aeabi_frsub
    device_command.o(i.conver_floatTostr) refers to device_command.o(i.conver_unsigned_intTostr) for conver_unsigned_intTostr
    device_command.o(i.conver_floatTostr) refers to device_command.o(i.string_cat) for string_cat
    device_command.o(i.conver_floatTostr) refers to ffixu.o(x$fpl$ffixu) for __aeabi_f2uiz
    device_command.o(i.conver_floatTostr) refers to device_command.o(.bss) for arr
    device_command.o(i.conver_strTofloat) refers to dflt_clz.o(x$fpl$dflt) for __aeabi_i2d
[...]
    Removing stm32f10x_rcc.o(i.RCC_HSICmd), (12 bytes).
    Removing stm32f10x_rcc.o(i.RCC_ITConfig), (32 bytes).
    Removing stm32f10x_rcc.o(i.RCC_LSEConfig), (52 bytes).
    Removing stm32f10x_rcc.o(i.RCC_LSICmd), (12 bytes).
    Removing stm32f10x_rcc.o(i.RCC_MCOConfig), (12 bytes).
    Removing stm32f10x_rcc.o(i.RCC_PCLK1Config), (24 bytes).
    Removing stm32f10x_rcc.o(i.RCC_PCLK2Config), (24 bytes).
    Removing stm32f10x_rcc.o(i.RCC_PLLCmd), (12 bytes).
    Removing stm32f10x_rcc.o(i.RCC_PLLConfig), (28 bytes).
    Removing stm32f10x_rcc.o(i.RCC_RTCCLKCmd), (12 bytes).
    Removing stm32f10x_rcc.o(i.RCC_RTCCLKConfig), (16 bytes).
    Removing stm32f10x_rcc.o(i.RCC_SYSCLKConfig), (24 bytes).
    Removing stm32f10x_rcc.o(i.RCC_USBCLKConfig), (12 bytes).
    Removing stm32f10x_rcc.o(i.RCC_WaitForHSEStartUp), (56 bytes).
    Removing stm32f10x_rcc.o(.data), (20 bytes).
    Removing stm32f10x_tim.o(.rev16_text), (4 bytes).
    Removing stm32f10x_tim.o(.revsh_text), (4 bytes).
    Removing stm32f10x_tim.o(.rrx_text), (6 bytes).
    Removing stm32f10x_tim.o(i.TI1_Config), (128 bytes).
    Removing stm32f10x_tim.o(i.TI2_Config), (152 bytes).
    Removing stm32f10x_tim.o(i.TI3_Config), (144 bytes).
    Removing stm32f10x_tim.o(i.TI4_Config), (152 bytes).
    Removing stm32f10x_tim.o(i.TIM_ARRPreloadConfig), (24 bytes).
    Removing stm32f10x_tim.o(i.TIM_BDTRConfig), (32 bytes).
    Removing stm32f10x_tim.o(i.TIM_BDTRStructInit), (18 bytes).
    Removing stm32f10x_tim.o(i.TIM_CCPreloadControl), (24 bytes).
    Removing stm32f10x_tim.o(i.TIM_CCxCmd), (30 bytes).
    Removing stm32f10x_tim.o(i.TIM_CCxNCmd), (30 bytes).
    Removing stm32f10x_tim.o(i.TIM_ClearFlag), (6 bytes).
    Removing stm32f10x_tim.o(i.TIM_ClearITPendingBit), (6 bytes).
    Removing stm32f10x_tim.o(i.TIM_ClearOC1Ref), (18 bytes).
    Removing stm32f10x_tim.o(i.TIM_ClearOC2Ref), (24 bytes).
    Removing stm32f10x_tim.o(i.TIM_ClearOC3Ref), (18 bytes).
    Removing stm32f10x_tim.o(i.TIM_ClearOC4Ref), (24 bytes).
    Removing stm32f10x_tim.o(i.TIM_Cmd), (24 bytes).
    Removing stm32f10x_tim.o(i.TIM_CounterModeConfig), (18 bytes).
    Removing stm32f10x_tim.o(i.TIM_CtrlPWMOutputs), (30 bytes).
    Removing stm32f10x_tim.o(i.TIM_DMACmd), (18 bytes).
    Removing stm32f10x_tim.o(i.TIM_DMAConfig), (10 bytes).
    Removing stm32f10x_tim.o(i.TIM_DeInit), (488 bytes).
    Removing stm32f10x_tim.o(i.TIM_ETRClockMode1Config), (54 bytes).
    Removing stm32f10x_tim.o(i.TIM_ETRClockMode2Config), (32 bytes).
    Removing stm32f10x_tim.o(i.TIM_ETRConfig), (28 bytes).
    Removing stm32f10x_tim.o(i.TIM_EncoderInterfaceConfig), (66 bytes).
    Removing stm32f10x_tim.o(i.TIM_ForcedOC1Config), (18 bytes).
    Removing stm32f10x_tim.o(i.TIM_ForcedOC2Config), (26 bytes).
    Removing stm32f10x_tim.o(i.TIM_ForcedOC3Config), (18 bytes).
    Removing stm32f10x_tim.o(i.TIM_ForcedOC4Config), (26 bytes).
    Removing stm32f10x_tim.o(i.TIM_GenerateEvent), (4 bytes).
    Removing stm32f10x_tim.o(i.TIM_GetCapture1), (6 bytes).
    Removing stm32f10x_tim.o(i.TIM_GetCapture2), (6 bytes).
    Removing stm32f10x_tim.o(i.TIM_GetCapture3), (6 bytes).
    Removing stm32f10x_tim.o(i.TIM_GetCapture4), (8 bytes).
    Removing stm32f10x_tim.o(i.TIM_GetCounter), (6 bytes).
    Removing stm32f10x_tim.o(i.TIM_GetFlagStatus), (18 bytes).
    Removing stm32f10x_tim.o(i.TIM_GetITStatus), (34 bytes).
    Removing stm32f10x_tim.o(i.TIM_GetPrescaler), (6 bytes).
    Removing stm32f10x_tim.o(i.TIM_ICInit), (172 bytes).
    Removing stm32f10x_tim.o(i.TIM_ICStructInit), (18 bytes).
    Removing stm32f10x_tim.o(i.TIM_ITConfig), (18 bytes).
    Removing stm32f10x_tim.o(i.TIM_ITRxExternalClockConfig), (24 bytes).
    Removing stm32f10x_tim.o(i.TIM_InternalClockConfig), (12 bytes).
    Removing stm32f10x_tim.o(i.TIM_OC1FastConfig), (18 bytes).
    Removing stm32f10x_tim.o(i.TIM_OC1Init), (152 bytes).
    Removing stm32f10x_tim.o(i.TIM_OC1NPolarityConfig), (18 bytes).
    Removing stm32f10x_tim.o(i.TIM_OC1PolarityConfig), (18 bytes).
    Removing stm32f10x_tim.o(i.TIM_OC1PreloadConfig), (18 bytes).
    Removing stm32f10x_tim.o(i.TIM_OC2FastConfig), (26 bytes).
    Removing stm32f10x_tim.o(i.TIM_OC2Init), (164 bytes).
    Removing stm32f10x_tim.o(i.TIM_OC2NPolarityConfig), (26 bytes).
    Removing stm32f10x_tim.o(i.TIM_OC2PolarityConfig), (26 bytes).
    Removing stm32f10x_tim.o(i.TIM_OC2PreloadConfig), (26 bytes).
    Removing stm32f10x_tim.o(i.TIM_OC3FastConfig), (18 bytes).
    Removing stm32f10x_tim.o(i.TIM_OC3Init), (160 bytes).
    Removing stm32f10x_tim.o(i.TIM_OC3NPolarityConfig), (26 bytes).
    Removing stm32f10x_tim.o(i.TIM_OC3PolarityConfig), (26 bytes).
    Removing stm32f10x_tim.o(i.TIM_OC3PreloadConfig), (18 bytes).
    Removing stm32f10x_tim.o(i.TIM_OC4FastConfig), (26 bytes).
    Removing stm32f10x_tim.o(i.TIM_OC4Init), (124 bytes).
    Removing stm32f10x_tim.o(i.TIM_OC4PolarityConfig), (26 bytes).
    Removing stm32f10x_tim.o(i.TIM_OC4PreloadConfig), (26 bytes).
    Removing stm32f10x_tim.o(i.TIM_OCStructInit), (20 bytes).
    Removing stm32f10x_tim.o(i.TIM_PWMIConfig), (124 bytes).
    Removing stm32f10x_tim.o(i.TIM_PrescalerConfig), (6 bytes).
    Removing stm32f10x_tim.o(i.TIM_SelectCCDMA), (24 bytes).
    Removing stm32f10x_tim.o(i.TIM_SelectCOM), (24 bytes).
    Removing stm32f10x_tim.o(i.TIM_SelectHallSensor), (24 bytes).
    Removing stm32f10x_tim.o(i.TIM_SelectInputTrigger), (18 bytes).
    Removing stm32f10x_tim.o(i.TIM_SelectMasterSlaveMode), (18 bytes).
    Removing stm32f10x_tim.o(i.TIM_SelectOCxM), (82 bytes).
    Removing stm32f10x_tim.o(i.TIM_SelectOnePulseMode), (18 bytes).
    Removing stm32f10x_tim.o(i.TIM_SelectOutputTrigger), (18 bytes).
    Removing stm32f10x_tim.o(i.TIM_SelectSlaveMode), (18 bytes).
    Removing stm32f10x_tim.o(i.TIM_SetAutoreload), (4 bytes).
    Removing stm32f10x_tim.o(i.TIM_SetClockDivision), (18 bytes).
    Removing stm32f10x_tim.o(i.TIM_SetCompare1), (4 bytes).
    Removing stm32f10x_tim.o(i.TIM_SetCompare2), (4 bytes).
    Removing stm32f10x_tim.o(i.TIM_SetCompare3), (4 bytes).
    Removing stm32f10x_tim.o(i.TIM_SetCompare4), (6 bytes).
    Removing stm32f10x_tim.o(i.TIM_SetCounter), (4 bytes).
    Removing stm32f10x_tim.o(i.TIM_SetIC1Prescaler), (18 bytes).
    Removing stm32f10x_tim.o(i.TIM_SetIC2Prescaler), (26 bytes).
    Removing stm32f10x_tim.o(i.TIM_SetIC3Prescaler), (18 bytes).
    Removing stm32f10x_tim.o(i.TIM_SetIC4Prescaler), (26 bytes).
    Removing stm32f10x_tim.o(i.TIM_TIxExternalClockConfig), (62 bytes).
    Removing stm32f10x_tim.o(i.TIM_TimeBaseInit), (164 bytes).
    Removing stm32f10x_tim.o(i.TIM_TimeBaseStructInit), (18 bytes).
    Removing stm32f10x_tim.o(i.TIM_UpdateDisableConfig), (24 bytes).
    Removing stm32f10x_tim.o(i.TIM_UpdateRequestConfig), (24 bytes).
    Removing stm32f10x_usart.o(.rev16_text), (4 bytes).
    Removing stm32f10x_usart.o(.revsh_text), (4 bytes).
    Removing stm32f10x_usart.o(.rrx_text), (6 bytes).
    Removing stm32f10x_usart.o(i.USART_ClearFlag), (18 bytes).
    Removing stm32f10x_usart.o(i.USART_ClockInit), (34 bytes).
    Removing stm32f10x_usart.o(i.USART_ClockStructInit), (12 bytes).
    Removing stm32f10x_usart.o(i.USART_Cmd), (24 bytes).
    Removing stm32f10x_usart.o(i.USART_DMACmd), (18 bytes).
    Removing stm32f10x_usart.o(i.USART_DeInit), (156 bytes).
    Removing stm32f10x_usart.o(i.USART_GetFlagStatus), (26 bytes).
    Removing stm32f10x_usart.o(i.USART_GetITStatus), (84 bytes).
    Removing stm32f10x_usart.o(i.USART_HalfDuplexCmd), (24 bytes).
    Removing stm32f10x_usart.o(i.USART_ITConfig), (74 bytes).
    Removing stm32f10x_usart.o(i.USART_Init), (216 bytes).
    Removing stm32f10x_usart.o(i.USART_IrDACmd), (24 bytes).
    Removing stm32f10x_usart.o(i.USART_IrDAConfig), (18 bytes).
    Removing stm32f10x_usart.o(i.USART_LINBreakDetectLengthConfig), (18 bytes).
    Removing stm32f10x_usart.o(i.USART_LINCmd), (24 bytes).
    Removing stm32f10x_usart.o(i.USART_OneBitMethodCmd), (24 bytes).
    Removing stm32f10x_usart.o(i.USART_OverSampling8Cmd), (22 bytes).
    Removing stm32f10x_usart.o(i.USART_ReceiverWakeUpCmd), (24 bytes).
    Removing stm32f10x_usart.o(i.USART_SendBreak), (10 bytes).
    Removing stm32f10x_usart.o(i.USART_SendData), (8 bytes).
    Removing stm32f10x_usart.o(i.USART_SetAddress), (18 bytes).
    Removing stm32f10x_usart.o(i.USART_SetGuardTime), (16 bytes).
    Removing stm32f10x_usart.o(i.USART_SetPrescaler), (16 bytes).
    Removing stm32f10x_usart.o(i.USART_SmartCardCmd), (24 bytes).
    Removing stm32f10x_usart.o(i.USART_SmartCardNACKCmd), (24 bytes).
    Removing stm32f10x_usart.o(i.USART_StructInit), (24 bytes).
    Removing stm32f10x_usart.o(i.USART_WakeUpConfig), (18 bytes).
    Removing system_stm32f10x.o(.rev16_text), (4 bytes).
    Removing system_stm32f10x.o(.revsh_text), (4 bytes).
    Removing system_stm32f10x.o(.rrx_text), (6 bytes).
    Removing system_stm32f10x.o(i.SystemCoreClockUpdate), (164 bytes).

208 unused section(s) (total 7708 bytes) removed from the image.

==============================================================================

Image Symbol Table

    Local Symbols

    Symbol Name                              Value     Ov Type        Size  Object(Section)

    ../clib/angel/boardlib.s                 0x00000000   Number         0  boardinit1.o ABSOLUTE
    ../clib/angel/boardlib.s                 0x00000000   Number         0  boardinit2.o ABSOLUTE
    ../clib/angel/boardlib.s                 0x00000000   Number         0  boardinit3.o ABSOLUTE
    ../clib/angel/boardlib.s                 0x00000000   Number         0  boardshut.o ABSOLUTE
    ../clib/angel/handlers.s                 0x00000000   Number         0  __scatter_zi.o ABSOLUTE
    ../clib/angel/handlers.s                 0x00000000   Number         0  __scatter_copy.o ABSOLUTE
    ../clib/angel/kernel.s                   0x00000000   Number         0  rtexit2.o ABSOLUTE
    ../clib/angel/kernel.s                   0x00000000   Number         0  __rtentry4.o ABSOLUTE
    ../clib/angel/kernel.s                   0x00000000   Number         0  __rtentry.o ABSOLUTE
    ../clib/angel/kernel.s                   0x00000000   Number         0  __rtentry2.o ABSOLUTE
    ../clib/angel/kernel.s                   0x00000000   Number         0  rtexit.o ABSOLUTE
    ../clib/angel/rt.s                       0x00000000   Number         0  rt_raise.o ABSOLUTE
    ../clib/angel/rt.s                       0x00000000   Number         0  rt_locale.o ABSOLUTE
    ../clib/angel/rt.s                       0x00000000   Number         0  rt_locale_intlibspace.o ABSOLUTE
    ../clib/angel/scatter.s                  0x00000000   Number         0  __scatter.o ABSOLUTE
    ../clib/angel/startup.s                  0x00000000   Number         0  __main.o ABSOLUTE
    ../clib/angel/sys.s                      0x00000000   Number         0  indicate_semi.o ABSOLUTE
    ../clib/angel/sys.s                      0x00000000   Number         0  sys_stackheap_outer.o ABSOLUTE
    ../clib/angel/sys.s                      0x00000000   Number         0  libspace.o ABSOLUTE
    ../clib/angel/sys.s                      0x00000000   Number         0  use_no_semi.o ABSOLUTE
    ../clib/angel/sysapp.c                   0x00000000   Number         0  sys_wrch.o ABSOLUTE
    ../clib/angel/sysapp.c                   0x00000000   Number         0  sys_command.o ABSOLUTE
    ../clib/angel/sysapp.c                   0x00000000   Number         0  sys_exit.o ABSOLUTE
    ../clib/armsys.c                         0x00000000   Number         0  argv_veneer.o ABSOLUTE
    ../clib/armsys.c                         0x00000000   Number         0  argv_veneer.o ABSOLUTE
    ../clib/armsys.c                         0x00000000   Number         0  _get_argv_nomalloc.o ABSOLUTE
    ../clib/armsys.c                         0x00000000   Number         0  no_argv.o ABSOLUTE
    ../clib/bigflt.c                         0x00000000   Number         0  bigflt0.o ABSOLUTE
    ../clib/btod.s                           0x00000000   Number         0  btod.o ABSOLUTE
    ../clib/heapalloc.c                      0x00000000   Number         0  hrguard.o ABSOLUTE
    ../clib/heapaux.c                        0x00000000   Number         0  heapauxi.o ABSOLUTE
    ../clib/libinit.s                        0x00000000   Number         0  libshutdown2.o ABSOLUTE
    ../clib/libinit.s                        0x00000000   Number         0  libinit.o ABSOLUTE
    ../clib/libinit.s                        0x00000000   Number         0  libshutdown.o ABSOLUTE
    ../clib/libinit.s                        0x00000000   Number         0  libinit2.o ABSOLUTE
    ../clib/locale.s                         0x00000000   Number         0  lc_numeric_c.o ABSOLUTE
    ../clib/longlong.s                       0x00000000   Number         0  lludiv10.o ABSOLUTE
    ../clib/memcpset.s                       0x00000000   Number         0  strcmpv7m.o ABSOLUTE
    ../clib/memcpset.s                       0x00000000   Number         0  rt_memcpy_w.o ABSOLUTE
    ../clib/printf.c                         0x00000000   Number         0  __printf_flags_ss_wp.o ABSOLUTE
    ../clib/printf.c                         0x00000000   Number         0  _printf_char_common.o ABSOLUTE
    ../clib/printf.c                         0x00000000   Number         0  _sputc.o ABSOLUTE
    ../clib/printf.c                         0x00000000   Number         0  _printf_fp_infnan.o ABSOLUTE
    ../clib/printf.c                         0x00000000   Number         0  __2sprintf.o ABSOLUTE
    ../clib/printf.c                         0x00000000   Number         0  noretval__2sprintf.o ABSOLUTE
    ../clib/printf.c                         0x00000000   Number         0  __printf_nopercent.o ABSOLUTE
    ../clib/printf.c                         0x00000000   Number         0  __printf.o ABSOLUTE
    ../clib/printf.c                         0x00000000   Number         0  _printf_fp_dec.o ABSOLUTE
    ../clib/printf.c                         0x00000000   Number         0  __printf_flags.o ABSOLUTE
    ../clib/printf.c                         0x00000000   Number         0  __printf_ss.o ABSOLUTE
    ../clib/printf.c                         0x00000000   Number         0  __printf_flags_ss.o ABSOLUTE
    ../clib/printf.c                         0x00000000   Number         0  __printf_wp.o ABSOLUTE
    ../clib/printf.c                         0x00000000   Number         0  __printf_flags_wp.o ABSOLUTE
    ../clib/printf.c                         0x00000000   Number         0  __printf_ss_wp.o ABSOLUTE
    ../clib/printf_percent.s                 0x00000000   Number         0  _printf_percent_end.o ABSOLUTE
    ../clib/printf_percent.s                 0x00000000   Number         0  _printf_f.o ABSOLUTE
    ../clib/printf_percent.s                 0x00000000   Number         0  _printf_percent.o ABSOLUTE
    ../clib/signal.c                         0x00000000   Number         0  defsig_other.o ABSOLUTE
    ../clib/signal.c                         0x00000000   Number         0  defsig_rtmem_outer.o ABSOLUTE
    ../clib/signal.c                         0x00000000   Number         0  defsig_segv_inner.o ABSOLUTE
    ../clib/signal.c                         0x00000000   Number         0  defsig_exit.o ABSOLUTE
    ../clib/signal.c                         0x00000000   Number         0  defsig_rtmem_inner.o ABSOLUTE
    ../clib/signal.c                         0x00000000   Number         0  __raise.o ABSOLUTE
    ../clib/signal.c                         0x00000000   Number         0  defsig_general.o ABSOLUTE
    ../clib/signal.c                         0x00000000   Number         0  defsig_abrt_inner.o ABSOLUTE
    ../clib/signal.c                         0x00000000   Number         0  defsig_fpe_inner.o ABSOLUTE
    ../clib/signal.c                         0x00000000   Number         0  defsig_rtred_inner.o ABSOLUTE
    ../clib/signal.c                         0x00000000   Number         0  defsig_stak_inner.o ABSOLUTE
    ../clib/signal.c                         0x00000000   Number         0  defsig_pvfn_inner.o ABSOLUTE
    ../clib/signal.c                         0x00000000   Number         0  defsig_cppl_inner.o ABSOLUTE
    ../clib/signal.c                         0x00000000   Number         0  defsig_rtmem_formal.o ABSOLUTE
    ../clib/signal.s                         0x00000000   Number         0  defsig.o ABSOLUTE
    ../clib/stdlib.c                         0x00000000   Number         0  exit.o ABSOLUTE
    ../fplib/d2f.s                           0x00000000   Number         0  d2f.o ABSOLUTE
    ../fplib/daddsub.s                       0x00000000   Number         0  daddsub_clz.o ABSOLUTE
    ../fplib/dcmpi.s                         0x00000000   Number         0  dcmpi.o ABSOLUTE
    ../fplib/dflt.s                          0x00000000   Number         0  dflt_clz.o ABSOLUTE
    ../fplib/dleqf.s                         0x00000000   Number         0  dleqf.o ABSOLUTE
    ../fplib/dmul.s                          0x00000000   Number         0  dmul.o ABSOLUTE
    ../fplib/dnaninf.s                       0x00000000   Number         0  dnaninf.o ABSOLUTE
    ../fplib/dretinf.s                       0x00000000   Number         0  dretinf.o ABSOLUTE
    ../fplib/f2d.s                           0x00000000   Number         0  f2d.o ABSOLUTE
    ../fplib/faddsub.s                       0x00000000   Number         0  faddsub_clz.o ABSOLUTE
    ../fplib/fdiv.s                          0x00000000   Number         0  fdiv.o ABSOLUTE
    ../fplib/ffix.s                          0x00000000   Number         0  ffix.o ABSOLUTE
    ../fplib/ffixu.s                         0x00000000   Number         0  ffixu.o ABSOLUTE
    ../fplib/fflt.s                          0x00000000   Number         0  fflt_clz.o ABSOLUTE
    ../fplib/fmul.s                          0x00000000   Number         0  fmul.o ABSOLUTE
    ../fplib/fnaninf.s                       0x00000000   Number         0  fnaninf.o ABSOLUTE
    ../fplib/fpinit.s                        0x00000000   Number         0  fpinit.o ABSOLUTE
    ../fplib/fretinf.s                       0x00000000   Number         0  fretinf.o ABSOLUTE
    ../fplib/istatus.s                       0x00000000   Number         0  istatus.o ABSOLUTE
    ../fplib/printf1.s                       0x00000000   Number         0  printf1.o ABSOLUTE
    ../fplib/usenofp.s                       0x00000000   Number         0  usenofp.o ABSOLUTE
    ../mathlib/fpclassify.c                  0x00000000   Number         0  fpclassify.o ABSOLUTE
    ..\USER\device_command.c                 0x00000000   Number         0  device_command.o ABSOLUTE
    ..\USER\main.c                           0x00000000   Number         0  main_1.o ABSOLUTE
    ..\USER\ringbuffer.c                     0x00000000   Number         0  ringbuffer.o ABSOLUTE
    ..\USER\uart.c                           0x00000000   Number         0  uart.o ABSOLUTE
    ..\\USER\\main.c                         0x00000000   Number         0  main_1.o ABSOLUTE
    ..\\USER\\uart.c                         0x00000000   Number         0  uart.o ABSOLUTE
    D:\Keil C\Keil\STM32F1xx_DFP\2.4.0\Device\StdPeriph_Driver\src\misc.c 0x00000000   Number         0  misc.o ABSOLUTE
    D:\Keil C\Keil\STM32F1xx_DFP\2.4.0\Device\StdPeriph_Driver\src\stm32f10x_gpio.c 0x00000000   Number         0  stm32f10x_gpio.o ABSOLUTE
    D:\Keil C\Keil\STM32F1xx_DFP\2.4.0\Device\StdPeriph_Driver\src\stm32f10x_rcc.c 0x00000000   Number         0  stm32f10x_rcc.o ABSOLUTE
    D:\Keil C\Keil\STM32F1xx_DFP\2.4.0\Device\StdPeriph_Driver\src\stm32f10x_tim.c 0x00000000   Number         0  stm32f10x_tim.o ABSOLUTE
    D:\Keil C\Keil\STM32F1xx_DFP\2.4.0\Device\StdPeriph_Driver\src\stm32f10x_usart.c 0x00000000   Number         0  stm32f10x_usart.o ABSOLUTE
    D:\\Keil C\\Keil\\STM32F1xx_DFP\\2.4.0\\Device\\StdPeriph_Driver\\src\\misc.c 0x00000000   Number         0  misc.o ABSOLUTE
    D:\\Keil C\\Keil\\STM32F1xx_DFP\\2.4.0\\Device\\StdPeriph_Driver\\src\\stm32f10x_gpio.c 0x00000000   Number         0  stm32f10x_gpio.o ABSOLUTE
    D:\\Keil C\\Keil\\STM32F1xx_DFP\\2.4.0\\Device\\StdPeriph_Driver\\src\\stm32f10x_rcc.c 0x00000000   Number         0  stm32f10x_rcc.o ABSOLUTE
    D:\\Keil C\\Keil\\STM32F1xx_DFP\\2.4.0\\Device\\StdPeriph_Driver\\src\\stm32f10x_tim.c 0x00000000   Number         0  stm32f10x_tim.o ABSOLUTE
    D:\\Keil C\\Keil\\STM32F1xx_DFP\\2.4.0\\Device\\StdPeriph_Driver\\src\\stm32f10x_usart.c 0x00000000   Number         0  stm32f10x_usart.o ABSOLUTE
    RTE\Device\STM32F103C8\startup_stm32f10x_md.s 0x00000000   Number         0  startup_stm32f10x_md.o ABSOLUTE
    RTE\Device\STM32F103C8\system_stm32f10x.c 0x00000000   Number         0  system_stm32f10x.o ABSOLUTE
    RTE\\Device\\STM32F103C8\\system_stm32f10x.c 0x00000000   Number         0  system_stm32f10x.o ABSOLUTE
    dc.s                                     0x00000000   Number         0  dc.o ABSOLUTE
    RESET                                    0x08000000   Section      236  startup_stm32f10x_md.o(RESET)
    !!!main                                  0x080000ec   Section        8  __main.o(!!!main)
    !!!scatter                               0x080000f4   Section       52  __scatter.o(!!!scatter)
    !!handler_copy                           0x08000128   Section       26  __scatter_copy.o(!!handler_copy)
    !!handler_zi                             0x08000144   Section       28  __scatter_zi.o(!!handler_zi)
    .ARM.Collect$$_printf_percent$$00000000  0x08000160   Section        0  _printf_percent.o(.ARM.Collect$$_printf_percent$$00000000)
    .ARM.Collect$$_printf_percent$$00000003  0x08000160   Section        6  _printf_f.o(.ARM.Collect$$_printf_percent$$00000003)
    .ARM.Collect$$_printf_percent$$00000017  0x08000166   Section        4  _printf_percent_end.o(.ARM.Collect$$_printf_percent$$00000017)
    .ARM.Collect$$libinit$$00000000          0x0800016a   Section        2  libinit.o(.ARM.Collect$$libinit$$00000000)
    .ARM.Collect$$libinit$$00000002          0x0800016c   Section        0  libinit2.o(.ARM.Collect$$libinit$$00000002)
    .ARM.Collect$$libinit$$00000004          0x0800016c   Section        0  libinit2.o(.ARM.Collect$$libinit$$00000004)
    .ARM.Collect$$libinit$$0000000A          0x0800016c   Section        0  libinit2.o(.ARM.Collect$$libinit$$0000000A)
    .ARM.Collect$$libinit$$0000000C          0x0800016c   Section        0  libinit2.o(.ARM.Collect$$libinit$$0000000C)
    .ARM.Collect$$libinit$$0000000E          0x0800016c   Section        0  libinit2.o(.ARM.Collect$$libinit$$0000000E)
    .ARM.Collect$$libinit$$0000000F          0x0800016c   Section        6  libinit2.o(.ARM.Collect$$libinit$$0000000F)
    .ARM.Collect$$libinit$$00000011          0x08000172   Section        0  libinit2.o(.ARM.Collect$$libinit$$00000011)
    .ARM.Collect$$libinit$$00000013          0x08000172   Section        0  libinit2.o(.ARM.Collect$$libinit$$00000013)
    .ARM.Collect$$libinit$$00000015          0x08000172   Section        0  libinit2.o(.ARM.Collect$$libinit$$00000015)
    .ARM.Collect$$libinit$$00000016          0x08000172   Section       10  libinit2.o(.ARM.Collect$$libinit$$00000016)
    .ARM.Collect$$libinit$$00000017          0x0800017c   Section        0  libinit2.o(.ARM.Collect$$libinit$$00000017)
    .ARM.Collect$$libinit$$00000019          0x0800017c   Section        0  libinit2.o(.ARM.Collect$$libinit$$00000019)
    .ARM.Collect$$libinit$$0000001B          0x0800017c   Section        0  libinit2.o(.ARM.Collect$$libinit$$0000001B)
    .ARM.Collect$$libinit$$0000001D          0x0800017c   Section        0  libinit2.o(.ARM.Collect$$libinit$$0000001D)
    .ARM.Collect$$libinit$$0000001F          0x0800017c   Section        0  libinit2.o(.ARM.Collect$$libinit$$0000001F)
    .ARM.Collect$$libinit$$00000021          0x0800017c   Section        0  libinit2.o(.ARM.Collect$$libinit$$00000021)
    .ARM.Collect$$libinit$$00000023          0x0800017c   Section        0  libinit2.o(.ARM.Collect$$libinit$$00000023)
    .ARM.Collect$$libinit$$00000025          0x0800017c   Section        0  libinit2.o(.ARM.Collect$$libinit$$00000025)
    .ARM.Collect$$libinit$$0000002C          0x0800017c   Section        0  libinit2.o(.ARM.Collect$$libinit$$0000002C)
    .ARM.Collect$$libinit$$0000002E          0x0800017c   Section        0  libinit2.o(.ARM.Collect$$libinit$$0000002E)
    .ARM.Collect$$libinit$$00000030          0x0800017c   Section        0  libinit2.o(.ARM.Collect$$libinit$$00000030)
    .ARM.Collect$$libinit$$00000032          0x0800017c   Section        0  libinit2.o(.ARM.Collect$$libinit$$00000032)
    .ARM.Collect$$libinit$$00000033          0x0800017c   Section        2  libinit2.o(.ARM.Collect$$libinit$$00000033)
    .ARM.Collect$$libshutdown$$00000000      0x0800017e   Section        2  libshutdown.o(.ARM.Collect$$libshutdown$$00000000)
    .ARM.Collect$$libshutdown$$00000002      0x08000180   Section        0  libshutdown2.o(.ARM.Collect$$libshutdown$$00000002)
    .ARM.Collect$$libshutdown$$00000004      0x08000180   Section        0  libshutdown2.o(.ARM.Collect$$libshutdown$$00000004)
    .ARM.Collect$$libshutdown$$00000007      0x08000180   Section        0  libshutdown2.o(.ARM.Collect$$libshutdown$$00000007)
    .ARM.Collect$$libshutdown$$0000000A      0x08000180   Section        0  libshutdown2.o(.ARM.Collect$$libshutdown$$0000000A)
    .ARM.Collect$$libshutdown$$0000000C      0x08000180   Section        0  libshutdown2.o(.ARM.Collect$$libshutdown$$0000000C)
    .ARM.Collect$$libshutdown$$0000000F      0x08000180   Section        0  libshutdown2.o(.ARM.Collect$$libshutdown$$0000000F)
    .ARM.Collect$$libshutdown$$00000010      0x08000180   Section        2  libshutdown2.o(.ARM.Collect$$libshutdown$$00000010)
    .ARM.Collect$$rtentry$$00000000          0x08000182   Section        0  __rtentry.o(.ARM.Collect$$rtentry$$00000000)
    .ARM.Collect$$rtentry$$00000002          0x08000182   Section        0  __rtentry2.o(.ARM.Collect$$rtentry$$00000002)
    .ARM.Collect$$rtentry$$00000004          0x08000182   Section        6  __rtentry4.o(.ARM.Collect$$rtentry$$00000004)
    .ARM.Collect$$rtentry$$00000009          0x08000188   Section        0  __rtentry2.o(.ARM.Collect$$rtentry$$00000009)
    .ARM.Collect$$rtentry$$0000000A          0x08000188   Section        4  __rtentry2.o(.ARM.Collect$$rtentry$$0000000A)
    .ARM.Collect$$rtentry$$0000000C          0x0800018c   Section        0  __rtentry2.o(.ARM.Collect$$rtentry$$0000000C)
    .ARM.Collect$$rtentry$$0000000D          0x0800018c   Section        8  __rtentry2.o(.ARM.Collect$$rtentry$$0000000D)
    .ARM.Collect$$rtexit$$00000000           0x08000194   Section        2  rtexit.o(.ARM.Collect$$rtexit$$00000000)
    .ARM.Collect$$rtexit$$00000002           0x08000196   Section        0  rtexit2.o(.ARM.Collect$$rtexit$$00000002)
    .ARM.Collect$$rtexit$$00000003           0x08000196   Section        4  rtexit2.o(.ARM.Collect$$rtexit$$00000003)
    .ARM.Collect$$rtexit$$00000004           0x0800019a   Section        6  rtexit2.o(.ARM.Collect$$rtexit$$00000004)
    .text                                    0x080001a0   Section       64  startup_stm32f10x_md.o(.text)
    .text                                    0x080001e0   Section        0  noretval__2sprintf.o(.text)
    .text                                    0x08000208   Section        0  __printf.o(.text)
    .text                                    0x08000270   Section      100  rt_memcpy_w.o(.text)
    .text                                    0x080002d4   Section        0  heapauxi.o(.text)
    .text                                    0x080002da   Section        0  _printf_fp_dec.o(.text)
    _fp_digits                               0x080002dd   Thumb Code   432  _printf_fp_dec.o(.text)
    .text                                    0x080006f8   Section        0  _printf_char_common.o(.text)
    _printf_input_char                       0x080006f9   Thumb Code    10  _printf_char_common.o(.text)
    .text                                    0x08000728   Section        0  _sputc.o(.text)
    .text                                    0x08000734   Section        8  rt_locale_intlibspace.o(.text)
    .text                                    0x0800073c   Section      138  lludiv10.o(.text)
    .text                                    0x080007c8   Section        0  _printf_fp_infnan.o(.text)
    .text                                    0x08000848   Section        0  bigflt0.o(.text)
    .text                                    0x0800092c   Section        8  libspace.o(.text)
    .text                                    0x08000934   Section       74  sys_stackheap_outer.o(.text)
    .text                                    0x0800097e   Section        0  exit.o(.text)
    .text                                    0x08000990   Section      128  strcmpv7m.o(.text)
    .text                                    0x08000a10   Section        0  sys_exit.o(.text)
    .text                                    0x08000a1c   Section        2  use_no_semi.o(.text)
    .text                                    0x08000a1e   Section        0  indicate_semi.o(.text)
    CL$$btod_d2e                             0x08000a1e   Section       62  btod.o(CL$$btod_d2e)
    CL$$btod_d2e_denorm_low                  0x08000a5c   Section       70  btod.o(CL$$btod_d2e_denorm_low)
    CL$$btod_d2e_norm_op1                    0x08000aa2   Section       96  btod.o(CL$$btod_d2e_norm_op1)
    CL$$btod_div_common                      0x08000b02   Section      824  btod.o(CL$$btod_div_common)
    CL$$btod_e2e                             0x08000e3a   Section      220  btod.o(CL$$btod_e2e)
    CL$$btod_ediv                            0x08000f16   Section       42  btod.o(CL$$btod_ediv)
    CL$$btod_emul                            0x08000f40   Section       42  btod.o(CL$$btod_emul)
    CL$$btod_mult_common                     0x08000f6a   Section      580  btod.o(CL$$btod_mult_common)
    i.INIT_UART_2                            0x080011b0   Section        0  uart.o(i.INIT_UART_2)
    i.SetSysClock                            0x0800123c   Section        0  system_stm32f10x.o(i.SetSysClock)
    SetSysClock                              0x0800123d   Thumb Code     8  system_stm32f10x.o(i.SetSysClock)
    i.SetSysClockTo72                        0x08001244   Section        0  system_stm32f10x.o(i.SetSysClockTo72)
    SetSysClockTo72                          0x08001245   Thumb Code   214  system_stm32f10x.o(i.SetSysClockTo72)
    i.Show_detect                            0x08001324   Section        0  main_1.o(i.Show_detect)
    i.SystemInit                             0x080014e4   Section        0  system_stm32f10x.o(i.SystemInit)
    i.UART2_SendChar                         0x08001544   Section        0  uart.o(i.UART2_SendChar)
    i.UART2_SendString                       0x08001564   Section        0  uart.o(i.UART2_SendString)
    i.USART1_IRQHandler                      0x0800157c   Section        0  uart.o(i.USART1_IRQHandler)
    i.USART2_IRQHandler                      0x080015d0   Section        0  uart.o(i.USART2_IRQHandler)
    i.USART3_IRQHandler                      0x08001608   Section        0  uart.o(i.USART3_IRQHandler)
    i.USART_ClearITPendingBit                0x0800165c   Section        0  stm32f10x_usart.o(i.USART_ClearITPendingBit)
    i.USART_ReceiveData                      0x0800167a   Section        0  stm32f10x_usart.o(i.USART_ReceiveData)
    i.__ARM_fpclassify                       0x08001684   Section        0  fpclassify.o(i.__ARM_fpclassify)
    i.__NVIC_EnableIRQ                       0x080016ac   Section        0  uart.o(i.__NVIC_EnableIRQ)
    __NVIC_EnableIRQ                         0x080016ad   Thumb Code    34  uart.o(i.__NVIC_EnableIRQ)
    i.checksum                               0x080016d0   Section        0  device_command.o(i.checksum)
    checksum                                 0x080016d1   Thumb Code    62  device_command.o(i.checksum)
    i.comm_create_command                    0x08001714   Section        0  device_command.o(i.comm_create_command)
    i.comm_detect_command                    0x080018c4   Section        0  device_command.o(i.comm_detect_command)
    i.conver_floatTostr                      0x080019a0   Section        0  device_command.o(i.conver_floatTostr)
    conver_floatTostr                        0x080019a1   Thumb Code   186  device_command.o(i.conver_floatTostr)
    i.conver_strTofloat                      0x08001a70   Section        0  device_command.o(i.conver_strTofloat)
    conver_strTofloat                        0x08001a71   Thumb Code   192  device_command.o(i.conver_strTofloat)
    i.conver_unsigned_intTostr               0x08001b3c   Section        0  device_command.o(i.conver_unsigned_intTostr)
    conver_unsigned_intTostr                 0x08001b3d   Thumb Code    98  device_command.o(i.conver_unsigned_intTostr)
    i.conver_unsigned_strToint               0x08001ba4   Section        0  device_command.o(i.conver_unsigned_strToint)
    conver_unsigned_strToint                 0x08001ba5   Thumb Code    44  device_command.o(i.conver_unsigned_strToint)
    i.delay                                  0x08001bd4   Section        0  main_1.o(i.delay)
    i.main                                   0x08001bf4   Section        0  main_1.o(i.main)
    i.ringbuffer_empty                       0x08001d38   Section        0  ringbuffer.o(i.ringbuffer_empty)
    ringbuffer_empty                         0x08001d39   Thumb Code    18  ringbuffer.o(i.ringbuffer_empty)
    i.ringbuffer_full                        0x08001d4a   Section        0  ringbuffer.o(i.ringbuffer_full)
    ringbuffer_full                          0x08001d4b   Thumb Code    30  ringbuffer.o(i.ringbuffer_full)
    i.ringbuffer_get_arr                     0x08001d68   Section        0  ringbuffer.o(i.ringbuffer_get_arr)
    i.ringbuffer_get_head                    0x08001e54   Section        0  ringbuffer.o(i.ringbuffer_get_head)
    i.ringbuffer_get_tail                    0x08001e5a   Section        0  ringbuffer.o(i.ringbuffer_get_tail)
    i.ringbuffer_increase_head               0x08001e60   Section        0  ringbuffer.o(i.ringbuffer_increase_head)
    ringbuffer_increase_head                 0x08001e61   Thumb Code    18  ringbuffer.o(i.ringbuffer_increase_head)
    i.ringbuffer_increase_tail               0x08001e72   Section        0  ringbuffer.o(i.ringbuffer_increase_tail)
    ringbuffer_increase_tail                 0x08001e73   Thumb Code    18  ringbuffer.o(i.ringbuffer_increase_tail)
    i.ringbuffer_init                        0x08001e84   Section        0  ringbuffer.o(i.ringbuffer_init)
    i.ringbuffer_pop                         0x08001e9c   Section        0  ringbuffer.o(i.ringbuffer_pop)
    i.ringbuffer_push                        0x08001ec2   Section        0  ringbuffer.o(i.ringbuffer_push)
    i.string_cat                             0x08001ee8   Section        0  device_command.o(i.string_cat)
    string_cat                               0x08001ee9   Thumb Code    30  device_command.o(i.string_cat)
    i.string_cmp_len                         0x08001f06   Section        0  device_command.o(i.string_cmp_len)
    string_cmp_len                           0x08001f07   Thumb Code    34  device_command.o(i.string_cmp_len)
    i.string_copy                            0x08001f28   Section        0  device_command.o(i.string_copy)
    string_copy                              0x08001f29   Thumb Code    42  device_command.o(i.string_copy)
    i.string_crc                             0x08001f54   Section        0  device_command.o(i.string_crc)
    string_crc                               0x08001f55   Thumb Code    52  device_command.o(i.string_crc)
    i.string_length                          0x08001f8c   Section        0  device_command.o(i.string_length)
    string_length                            0x08001f8d   Thumb Code    18  device_command.o(i.string_length)
    i.string_split                           0x08001f9e   Section        0  device_command.o(i.string_split)
    string_split                             0x08001f9f   Thumb Code   126  device_command.o(i.string_split)
    locale$$code                             0x0800201c   Section       44  lc_numeric_c.o(locale$$code)
    x$fpl$d2f                                0x08002048   Section       98  d2f.o(x$fpl$d2f)
    x$fpl$dadd                               0x080020ac   Section      336  daddsub_clz.o(x$fpl$dadd)
    _dadd1                                   0x080020bd   Thumb Code     0  daddsub_clz.o(x$fpl$dadd)
    x$fpl$dcmpinf                            0x080021fc   Section       24  dcmpi.o(x$fpl$dcmpinf)
    x$fpl$dflt                               0x08002214   Section       46  dflt_clz.o(x$fpl$dflt)
    x$fpl$dleqf                              0x08002244   Section      120  dleqf.o(x$fpl$dleqf)
    x$fpl$dmul                               0x080022bc   Section      340  dmul.o(x$fpl$dmul)
    x$fpl$dnaninf                            0x08002410   Section      156  dnaninf.o(x$fpl$dnaninf)
    x$fpl$dretinf                            0x080024ac   Section       12  dretinf.o(x$fpl$dretinf)
    x$fpl$dsub                               0x080024b8   Section      468  daddsub_clz.o(x$fpl$dsub)
    _dsub1                                   0x080024c9   Thumb Code     0  daddsub_clz.o(x$fpl$dsub)
    x$fpl$f2d                                0x0800268c   Section       86  f2d.o(x$fpl$f2d)
    x$fpl$fadd                               0x080026e4   Section      196  faddsub_clz.o(x$fpl$fadd)
    _fadd1                                   0x080026f3   Thumb Code     0  faddsub_clz.o(x$fpl$fadd)
    x$fpl$fdiv                               0x080027a8   Section      388  fdiv.o(x$fpl$fdiv)
    _fdiv1                                   0x080027a9   Thumb Code     0  fdiv.o(x$fpl$fdiv)
    x$fpl$ffix                               0x0800292c   Section       54  ffix.o(x$fpl$ffix)
    x$fpl$ffixu                              0x08002964   Section       62  ffixu.o(x$fpl$ffixu)
    x$fpl$fflt                               0x080029a4   Section       48  fflt_clz.o(x$fpl$fflt)
    x$fpl$ffltu                              0x080029d4   Section       38  fflt_clz.o(x$fpl$ffltu)
    x$fpl$fmul                               0x080029fc   Section      258  fmul.o(x$fpl$fmul)
    x$fpl$fnaninf                            0x08002afe   Section      140  fnaninf.o(x$fpl$fnaninf)
    x$fpl$fretinf                            0x08002b8a   Section       10  fretinf.o(x$fpl$fretinf)
    x$fpl$frsb                               0x08002b94   Section       20  faddsub_clz.o(x$fpl$frsb)
    x$fpl$fsub                               0x08002ba8   Section      234  faddsub_clz.o(x$fpl$fsub)
    _fsub1                                   0x08002bb7   Thumb Code     0  faddsub_clz.o(x$fpl$fsub)
    x$fpl$printf1                            0x08002c92   Section        4  printf1.o(x$fpl$printf1)
    x$fpl$usenofp                            0x08002c96   Section        0  usenofp.o(x$fpl$usenofp)
    .constdata                               0x08002c98   Section      148  bigflt0.o(.constdata)
    tenpwrs_x                                0x08002c98   Data          60  bigflt0.o(.constdata)
    tenpwrs_i                                0x08002cd4   Data          64  bigflt0.o(.constdata)
    locale$$data                             0x08002d4c   Section       28  lc_numeric_c.o(locale$$data)
    __lcnum_c_name                           0x08002d50   Data           2  lc_numeric_c.o(locale$$data)
    __lcnum_c_start                          0x08002d58   Data           0  lc_numeric_c.o(locale$$data)
    __lcnum_c_point                          0x08002d64   Data           0  lc_numeric_c.o(locale$$data)
    __lcnum_c_thousands                      0x08002d66   Data           0  lc_numeric_c.o(locale$$data)
    __lcnum_c_grouping                       0x08002d67   Data           0  lc_numeric_c.o(locale$$data)
    __lcnum_c_end                            0x08002d68   Data           0  lc_numeric_c.o(locale$$data)
    .data                                    0x20000000   Section       92  main_1.o(.data)
    .data                                    0x2000005c   Section        9  device_command.o(.data)
    tempdata                                 0x2000005c   Data           4  device_command.o(.data)
    tempdata                                 0x20000060   Data           4  device_command.o(.data)
    tempcrc                                  0x20000064   Data           1  device_command.o(.data)
    .data                                    0x20000065   Section        7  uart.o(.data)
    .data                                    0x2000006c   Section       20  system_stm32f10x.o(.data)
    .bss                                     0x20000080   Section      280  main_1.o(.bss)
    .bss                                     0x20000198   Section       40  device_command.o(.bss)
    arr                                      0x20000198   Data          20  device_command.o(.bss)
    arr                                      0x200001ac   Data          20  device_command.o(.bss)
    .bss                                     0x200001c0   Section       76  uart.o(.bss)
    .bss                                     0x2000020c   Section       96  libspace.o(.bss)
    HEAP                                     0x20000270   Section      512  startup_stm32f10x_md.o(HEAP)
    Heap_Mem                                 0x20000270   Data         512  startup_stm32f10x_md.o(HEAP)
    STACK                                    0x20000470   Section     1024  startup_stm32f10x_md.o(STACK)
    Stack_Mem                                0x20000470   Data        1024  startup_stm32f10x_md.o(STACK)
    __initial_sp                             0x20000870   Data           0  startup_stm32f10x_md.o(STACK)

    Global Symbols

    Symbol Name                              Value     Ov Type        Size  Object(Section)

    BuildAttributes$$THM_ISAv4$P$D$K$B$S$PE$A:L22UL41UL21$X:L11$S22US41US21$IEEE1$IW$USESV6$~STKCKD$USESV7$~SHL$OTIME$ROPI$IEEEJ$EBA8$UX$STANDARDLIB$REQ8$PRES8$EABIv2 0x00000000   Number         0  anon$$obj.o ABSOLUTE
    __ARM_use_no_argv                        0x00000000   Number         0  main_1.o ABSOLUTE
    __ARM_exceptions_init                     - Undefined Weak Reference
    __alloca_initialize                       - Undefined Weak Reference
    __arm_preinit_                            - Undefined Weak Reference
    __cpp_initialize__aeabi_                  - Undefined Weak Reference
    __cxa_finalize                            - Undefined Weak Reference
    __sigvec_lookup                           - Undefined Weak Reference
    _atexit_init                              - Undefined Weak Reference
    _call_atexit_fns                          - Undefined Weak Reference
    _clock_init                               - Undefined Weak Reference
    _fp_trap_init                             - Undefined Weak Reference
    _fp_trap_shutdown                         - Undefined Weak Reference
    _get_lc_collate                           - Undefined Weak Reference
    _get_lc_ctype                             - Undefined Weak Reference
    _get_lc_monetary                          - Undefined Weak Reference
    _get_lc_time                              - Undefined Weak Reference
    _getenv_init                              - Undefined Weak Reference
    _handle_redirection                       - Undefined Weak Reference
    _init_alloc                               - Undefined Weak Reference
    _init_user_alloc                          - Undefined Weak Reference
    _initio                                   - Undefined Weak Reference
    _printf_post_padding                      - Undefined Weak Reference
    _printf_pre_padding                       - Undefined Weak Reference
    _rand_init                                - Undefined Weak Reference
    _signal_finish                            - Undefined Weak Reference
    _signal_init                              - Undefined Weak Reference
    _terminate_alloc                          - Undefined Weak Reference
    _terminate_user_alloc                     - Undefined Weak Reference
    _terminateio                              - Undefined Weak Reference
    __Vectors_Size                           0x000000ec   Number         0  startup_stm32f10x_md.o ABSOLUTE
    __Vectors                                0x08000000   Data           4  startup_stm32f10x_md.o(RESET)
    __Vectors_End                            0x080000ec   Data           0  startup_stm32f10x_md.o(RESET)
    __main                                   0x080000ed   Thumb Code     8  __main.o(!!!main)
    __scatterload                            0x080000f5   Thumb Code     0  __scatter.o(!!!scatter)
    __scatterload_rt2                        0x080000f5   Thumb Code    44  __scatter.o(!!!scatter)
    __scatterload_rt2_thumb_only             0x080000f5   Thumb Code     0  __scatter.o(!!!scatter)
    __scatterload_null                       0x08000103   Thumb Code     0  __scatter.o(!!!scatter)
    __scatterload_copy                       0x08000129   Thumb Code    26  __scatter_copy.o(!!handler_copy)
    __scatterload_zeroinit                   0x08000145   Thumb Code    28  __scatter_zi.o(!!handler_zi)
    _printf_f                                0x08000161   Thumb Code     0  _printf_f.o(.ARM.Collect$$_printf_percent$$00000003)
    _printf_percent                          0x08000161   Thumb Code     0  _printf_percent.o(.ARM.Collect$$_printf_percent$$00000000)
    _printf_percent_end                      0x08000167   Thumb Code     0  _printf_percent_end.o(.ARM.Collect$$_printf_percent$$00000017)
    __rt_lib_init                            0x0800016b   Thumb Code     0  libinit.o(.ARM.Collect$$libinit$$00000000)
    __rt_lib_init_fp_1                       0x0800016d   Thumb Code     0  libinit2.o(.ARM.Collect$$libinit$$00000002)
    __rt_lib_init_heap_1                     0x0800016d   Thumb Code     0  libinit2.o(.ARM.Collect$$libinit$$0000000A)
    __rt_lib_init_lc_common                  0x0800016d   Thumb Code     0  libinit2.o(.ARM.Collect$$libinit$$0000000F)
    __rt_lib_init_preinit_1                  0x0800016d   Thumb Code     0  libinit2.o(.ARM.Collect$$libinit$$00000004)
    __rt_lib_init_rand_1                     0x0800016d   Thumb Code     0  libinit2.o(.ARM.Collect$$libinit$$0000000E)
    __rt_lib_init_user_alloc_1               0x0800016d   Thumb Code     0  libinit2.o(.ARM.Collect$$libinit$$0000000C)
    __rt_lib_init_lc_collate_1               0x08000173   Thumb Code     0  libinit2.o(.ARM.Collect$$libinit$$00000011)
    __rt_lib_init_lc_ctype_1                 0x08000173   Thumb Code     0  libinit2.o(.ARM.Collect$$libinit$$00000013)
    __rt_lib_init_lc_monetary_1              0x08000173   Thumb Code     0  libinit2.o(.ARM.Collect$$libinit$$00000015)
    __rt_lib_init_lc_numeric_2               0x08000173   Thumb Code     0  libinit2.o(.ARM.Collect$$libinit$$00000016)
    __rt_lib_init_alloca_1                   0x0800017d   Thumb Code     0  libinit2.o(.ARM.Collect$$libinit$$0000002E)
    __rt_lib_init_argv_1                     0x0800017d   Thumb Code     0  libinit2.o(.ARM.Collect$$libinit$$0000002C)
    __rt_lib_init_atexit_1                   0x0800017d   Thumb Code     0  libinit2.o(.ARM.Collect$$libinit$$0000001B)
    __rt_lib_init_clock_1                    0x0800017d   Thumb Code     0  libinit2.o(.ARM.Collect$$libinit$$00000021)
    __rt_lib_init_cpp_1                      0x0800017d   Thumb Code     0  libinit2.o(.ARM.Collect$$libinit$$00000032)
    __rt_lib_init_exceptions_1               0x0800017d   Thumb Code     0  libinit2.o(.ARM.Collect$$libinit$$00000030)
    __rt_lib_init_fp_trap_1                  0x0800017d   Thumb Code     0  libinit2.o(.ARM.Collect$$libinit$$0000001F)
    __rt_lib_init_getenv_1                   0x0800017d   Thumb Code     0  libinit2.o(.ARM.Collect$$libinit$$00000023)
    __rt_lib_init_lc_numeric_1               0x0800017d   Thumb Code     0  libinit2.o(.ARM.Collect$$libinit$$00000017)
    __rt_lib_init_lc_time_1                  0x0800017d   Thumb Code     0  libinit2.o(.ARM.Collect$$libinit$$00000019)
    __rt_lib_init_return                     0x0800017d   Thumb Code     0  libinit2.o(.ARM.Collect$$libinit$$00000033)
    __rt_lib_init_signal_1                   0x0800017d   Thumb Code     0  libinit2.o(.ARM.Collect$$libinit$$0000001D)
    __rt_lib_init_stdio_1                    0x0800017d   Thumb Code     0  libinit2.o(.ARM.Collect$$libinit$$00000025)
    __rt_lib_shutdown                        0x0800017f   Thumb Code     0  libshutdown.o(.ARM.Collect$$libshutdown$$00000000)
    __rt_lib_shutdown_cpp_1                  0x08000181   Thumb Code     0  libshutdown2.o(.ARM.Collect$$libshutdown$$00000002)
    __rt_lib_shutdown_fp_trap_1              0x08000181   Thumb Code     0  libshutdown2.o(.ARM.Collect$$libshutdown$$00000007)
    __rt_lib_shutdown_heap_1                 0x08000181   Thumb Code     0  libshutdown2.o(.ARM.Collect$$libshutdown$$0000000F)
    __rt_lib_shutdown_return                 0x08000181   Thumb Code     0  libshutdown2.o(.ARM.Collect$$libshutdown$$00000010)
    __rt_lib_shutdown_signal_1               0x08000181   Thumb Code     0  libshutdown2.o(.ARM.Collect$$libshutdown$$0000000A)
    __rt_lib_shutdown_stdio_1                0x08000181   Thumb Code     0  libshutdown2.o(.ARM.Collect$$libshutdown$$00000004)
    __rt_lib_shutdown_user_alloc_1           0x08000181   Thumb Code     0  libshutdown2.o(.ARM.Collect$$libshutdown$$0000000C)
    __rt_entry                               0x08000183   Thumb Code     0  __rtentry.o(.ARM.Collect$$rtentry$$00000000)
    __rt_entry_presh_1                       0x08000183   Thumb Code     0  __rtentry2.o(.ARM.Collect$$rtentry$$00000002)
    __rt_entry_sh                            0x08000183   Thumb Code     0  __rtentry4.o(.ARM.Collect$$rtentry$$00000004)
    __rt_entry_li                            0x08000189   Thumb Code     0  __rtentry2.o(.ARM.Collect$$rtentry$$0000000A)
    __rt_entry_postsh_1                      0x08000189   Thumb Code     0  __rtentry2.o(.ARM.Collect$$rtentry$$00000009)
    __rt_entry_main                          0x0800018d   Thumb Code     0  __rtentry2.o(.ARM.Collect$$rtentry$$0000000D)
    __rt_entry_postli_1                      0x0800018d   Thumb Code     0  __rtentry2.o(.ARM.Collect$$rtentry$$0000000C)
    __rt_exit                                0x08000195   Thumb Code     0  rtexit.o(.ARM.Collect$$rtexit$$00000000)
    __rt_exit_ls                             0x08000197   Thumb Code     0  rtexit2.o(.ARM.Collect$$rtexit$$00000003)
    __rt_exit_prels_1                        0x08000197   Thumb Code     0  rtexit2.o(.ARM.Collect$$rtexit$$00000002)
    __rt_exit_exit                           0x0800019b   Thumb Code     0  rtexit2.o(.ARM.Collect$$rtexit$$00000004)
    Reset_Handler                            0x080001a1   Thumb Code     8  startup_stm32f10x_md.o(.text)
    NMI_Handler                              0x080001a9   Thumb Code     2  startup_stm32f10x_md.o(.text)
    HardFault_Handler                        0x080001ab   Thumb Code     2  startup_stm32f10x_md.o(.text)
    MemManage_Handler                        0x080001ad   Thumb Code     2  startup_stm32f10x_md.o(.text)
    BusFault_Handler                         0x080001af   Thumb Code     2  startup_stm32f10x_md.o(.text)
    UsageFault_Handler                       0x080001b1   Thumb Code     2  startup_stm32f10x_md.o(.text)
    SVC_Handler                              0x080001b3   Thumb Code     2  startup_stm32f10x_md.o(.text)
    DebugMon_Handler                         0x080001b5   Thumb Code     2  startup_stm32f10x_md.o(.text)
    PendSV_Handler                           0x080001b7   Thumb Code     2  startup_stm32f10x_md.o(.text)
    SysTick_Handler                          0x080001b9   Thumb Code     2  startup_stm32f10x_md.o(.text)
    ADC1_2_IRQHandler                        0x080001bb   Thumb Code     0  startup_stm32f10x_md.o(.text)
    CAN1_RX1_IRQHandler                      0x080001bb   Thumb Code     0  startup_stm32f10x_md.o(.text)
    CAN1_SCE_IRQHandler                      0x080001bb   Thumb Code     0  startup_stm32f10x_md.o(.text)
    DMA1_Channel1_IRQHandler                 0x080001bb   Thumb Code     0  startup_stm32f10x_md.o(.text)
    DMA1_Channel2_IRQHandler                 0x080001bb   Thumb Code     0  startup_stm32f10x_md.o(.text)
    DMA1_Channel3_IRQHandler                 0x080001bb   Thumb Code     0  startup_stm32f10x_md.o(.text)
    DMA1_Channel4_IRQHandler                 0x080001bb   Thumb Code     0  startup_stm32f10x_md.o(.text)
    DMA1_Channel5_IRQHandler                 0x080001bb   Thumb Code     0  startup_stm32f10x_md.o(.text)
    DMA1_Channel6_IRQHandler                 0x080001bb   Thumb Code     0  startup_stm32f10x_md.o(.text)
    DMA1_Channel7_IRQHandler                 0x080001bb   Thumb Code     0  startup_stm32f10x_md.o(.text)
    EXTI0_IRQHandler                         0x080001bb   Thumb Code     0  startup_stm32f10x_md.o(.text)
    EXTI15_10_IRQHandler                     0x080001bb   Thumb Code     0  startup_stm32f10x_md.o(.text)
    EXTI1_IRQHandler                         0x080001bb   Thumb Code     0  startup_stm32f10x_md.o(.text)
    EXTI2_IRQHandler                         0x080001bb   Thumb Code     0  startup_stm32f10x_md.o(.text)
    EXTI3_IRQHandler                         0x080001bb   Thumb Code     0  startup_stm32f10x_md.o(.text)
    EXTI4_IRQHandler                         0x080001bb   Thumb Code     0  startup_stm32f10x_md.o(.text)
    EXTI9_5_IRQHandler                       0x080001bb   Thumb Code     0  startup_stm32f10x_md.o(.text)
    FLASH_IRQHandler                         0x080001bb   Thumb Code     0  startup_stm32f10x_md.o(.text)
    I2C1_ER_IRQHandler                       0x080001bb   Thumb Code     0  startup_stm32f10x_md.o(.text)
    I2C1_EV_IRQHandler                       0x080001bb   Thumb Code     0  startup_stm32f10x_md.o(.text)
    I2C2_ER_IRQHandler                       0x080001bb   Thumb Code     0  startup_stm32f10x_md.o(.text)
    I2C2_EV_IRQHandler                       0x080001bb   Thumb Code     0  startup_stm32f10x_md.o(.text)
    PVD_IRQHandler                           0x080001bb   Thumb Code     0  startup_stm32f10x_md.o(.text)
    RCC_IRQHandler                           0x080001bb   Thumb Code     0  startup_stm32f10x_md.o(.text)
    RTCAlarm_IRQHandler                      0x080001bb   Thumb Code     0  startup_stm32f10x_md.o(.text)
    RTC_IRQHandler                           0x080001bb   Thumb Code     0  startup_stm32f10x_md.o(.text)
    SPI1_IRQHandler                          0x080001bb   Thumb Code     0  startup_stm32f10x_md.o(.text)
    SPI2_IRQHandler                          0x080001bb   Thumb Code     0  startup_stm32f10x_md.o(.text)
    TAMPER_IRQHandler                        0x080001bb   Thumb Code     0  startup_stm32f10x_md.o(.text)
    TIM1_BRK_IRQHandler                      0x080001bb   Thumb Code     0  startup_stm32f10x_md.o(.text)
    TIM1_CC_IRQHandler                       0x080001bb   Thumb Code     0  startup_stm32f10x_md.o(.text)
    TIM1_TRG_COM_IRQHandler                  0x080001bb   Thumb Code     0  startup_stm32f10x_md.o(.text)
    TIM1_UP_IRQHandler                       0x080001bb   Thumb Code     0  startup_stm32f10x_md.o(.text)
    TIM2_IRQHandler                          0x080001bb   Thumb Code     0  startup_stm32f10x_md.o(.text)
    TIM3_IRQHandler                          0x080001bb   Thumb Code     0  startup_stm32f10x_md.o(.text)
    TIM4_IRQHandler                          0x080001bb   Thumb Code     0  startup_stm32f10x_md.o(.text)
    USBWakeUp_IRQHandler                     0x080001bb   Thumb Code     0  startup_stm32f10x_md.o(.text)
    USB_HP_CAN1_TX_IRQHandler                0x080001bb   Thumb Code     0  startup_stm32f10x_md.o(.text)
    USB_LP_CAN1_RX0_IRQHandler               0x080001bb   Thumb Code     0  startup_stm32f10x_md.o(.text)
    WWDG_IRQHandler                          0x080001bb   Thumb Code     0  startup_stm32f10x_md.o(.text)
    __user_initial_stackheap                 0x080001bd   Thumb Code     0  startup_stm32f10x_md.o(.text)
    __2sprintf                               0x080001e1   Thumb Code    34  noretval__2sprintf.o(.text)
    __printf                                 0x08000209   Thumb Code   104  __printf.o(.text)
    __aeabi_memcpy4                          0x08000271   Thumb Code     0  rt_memcpy_w.o(.text)
    __aeabi_memcpy8                          0x08000271   Thumb Code     0  rt_memcpy_w.o(.text)
    __rt_memcpy_w                            0x08000271   Thumb Code   100  rt_memcpy_w.o(.text)
    _memcpy_lastbytes_aligned                0x080002b9   Thumb Code     0  rt_memcpy_w.o(.text)
    __use_two_region_memory                  0x080002d5   Thumb Code     2  heapauxi.o(.text)
    __rt_heap_escrow$2region                 0x080002d7   Thumb Code     2  heapauxi.o(.text)
    __rt_heap_expand$2region                 0x080002d9   Thumb Code     2  heapauxi.o(.text)
    __lib_sel_fp_printf                      0x080002db   Thumb Code     2  _printf_fp_dec.o(.text)
    _printf_fp_dec_real                      0x0800048d   Thumb Code   620  _printf_fp_dec.o(.text)
    _printf_char_common                      0x08000703   Thumb Code    32  _printf_char_common.o(.text)
    _sputc                                   0x08000729   Thumb Code    10  _sputc.o(.text)
    __rt_locale                              0x08000735   Thumb Code     8  rt_locale_intlibspace.o(.text)
    _ll_udiv10                               0x0800073d   Thumb Code   138  lludiv10.o(.text)
    _printf_fp_infnan                        0x080007c9   Thumb Code   112  _printf_fp_infnan.o(.text)
    _btod_etento                             0x08000849   Thumb Code   224  bigflt0.o(.text)
    __user_libspace                          0x0800092d   Thumb Code     8  libspace.o(.text)
    __user_perproc_libspace                  0x0800092d   Thumb Code     0  libspace.o(.text)
    __user_perthread_libspace                0x0800092d   Thumb Code     0  libspace.o(.text)
    __user_setup_stackheap                   0x08000935   Thumb Code    74  sys_stackheap_outer.o(.text)
    exit                                     0x0800097f   Thumb Code    18  exit.o(.text)
    strcmp                                   0x08000991   Thumb Code   128  strcmpv7m.o(.text)
    _sys_exit                                0x08000a11   Thumb Code     8  sys_exit.o(.text)
    __I$use$semihosting                      0x08000a1d   Thumb Code     0  use_no_semi.o(.text)
    __use_no_semihosting_swi                 0x08000a1d   Thumb Code     2  use_no_semi.o(.text)
    __semihosting_library_function           0x08000a1f   Thumb Code     0  indicate_semi.o(.text)
    _btod_d2e                                0x08000a1f   Thumb Code    62  btod.o(CL$$btod_d2e)
    _d2e_denorm_low                          0x08000a5d   Thumb Code    70  btod.o(CL$$btod_d2e_denorm_low)
    _d2e_norm_op1                            0x08000aa3   Thumb Code    96  btod.o(CL$$btod_d2e_norm_op1)
    __btod_div_common                        0x08000b03   Thumb Code   696  btod.o(CL$$btod_div_common)
    _e2e                                     0x08000e3b   Thumb Code   220  btod.o(CL$$btod_e2e)
    _btod_ediv                               0x08000f17   Thumb Code    42  btod.o(CL$$btod_ediv)
    _btod_emul                               0x08000f41   Thumb Code    42  btod.o(CL$$btod_emul)
    __btod_mult_common                       0x08000f6b   Thumb Code   580  btod.o(CL$$btod_mult_common)
    INIT_UART_2                              0x080011b1   Thumb Code   114  uart.o(i.INIT_UART_2)
    Show_detect                              0x08001325   Thumb Code   226  main_1.o(i.Show_detect)
    SystemInit                               0x080014e5   Thumb Code    78  system_stm32f10x.o(i.SystemInit)
    UART2_SendChar                           0x08001545   Thumb Code    26  uart.o(i.UART2_SendChar)
    UART2_SendString                         0x08001565   Thumb Code    22  uart.o(i.UART2_SendString)
    USART1_IRQHandler                        0x0800157d   Thumb Code    66  uart.o(i.USART1_IRQHandler)
    USART2_IRQHandler                        0x080015d1   Thumb Code    42  uart.o(i.USART2_IRQHandler)
    USART3_IRQHandler                        0x08001609   Thumb Code    66  uart.o(i.USART3_IRQHandler)
    USART_ClearITPendingBit                  0x0800165d   Thumb Code    30  stm32f10x_usart.o(i.USART_ClearITPendingBit)
    USART_ReceiveData                        0x0800167b   Thumb Code    10  stm32f10x_usart.o(i.USART_ReceiveData)
    __ARM_fpclassify                         0x08001685   Thumb Code    40  fpclassify.o(i.__ARM_fpclassify)
    comm_create_command                      0x08001715   Thumb Code   420  device_command.o(i.comm_create_command)
    comm_detect_command                      0x080018c5   Thumb Code   212  device_command.o(i.comm_detect_command)
    delay                                    0x08001bd5   Thumb Code    30  main_1.o(i.delay)
    main                                     0x08001bf5   Thumb Code   238  main_1.o(i.main)
    ringbuffer_get_arr                       0x08001d69   Thumb Code   236  ringbuffer.o(i.ringbuffer_get_arr)
    ringbuffer_get_head                      0x08001e55   Thumb Code     6  ringbuffer.o(i.ringbuffer_get_head)
    ringbuffer_get_tail                      0x08001e5b   Thumb Code     6  ringbuffer.o(i.ringbuffer_get_tail)
    ringbuffer_init                          0x08001e85   Thumb Code    24  ringbuffer.o(i.ringbuffer_init)
    ringbuffer_pop                           0x08001e9d   Thumb Code    38  ringbuffer.o(i.ringbuffer_pop)
    ringbuffer_push                          0x08001ec3   Thumb Code    38  ringbuffer.o(i.ringbuffer_push)
    _get_lc_numeric                          0x0800201d   Thumb Code    44  lc_numeric_c.o(locale$$code)
    __aeabi_d2f                              0x08002049   Thumb Code     0  d2f.o(x$fpl$d2f)
    _d2f                                     0x08002049   Thumb Code    98  d2f.o(x$fpl$d2f)
    __aeabi_dadd                             0x080020ad   Thumb Code     0  daddsub_clz.o(x$fpl$dadd)
    _dadd                                    0x080020ad   Thumb Code   332  daddsub_clz.o(x$fpl$dadd)
    __fpl_dcmp_Inf                           0x080021fd   Thumb Code    24  dcmpi.o(x$fpl$dcmpinf)
    __aeabi_i2d                              0x08002215   Thumb Code     0  dflt_clz.o(x$fpl$dflt)
    _dflt                                    0x08002215   Thumb Code    46  dflt_clz.o(x$fpl$dflt)
    __aeabi_cdcmple                          0x08002245   Thumb Code     0  dleqf.o(x$fpl$dleqf)
    _dcmple                                  0x08002245   Thumb Code   120  dleqf.o(x$fpl$dleqf)
    __fpl_dcmple_InfNaN                      0x080022a7   Thumb Code     0  dleqf.o(x$fpl$dleqf)
    __aeabi_dmul                             0x080022bd   Thumb Code     0  dmul.o(x$fpl$dmul)
    _dmul                                    0x080022bd   Thumb Code   332  dmul.o(x$fpl$dmul)
    __fpl_dnaninf                            0x08002411   Thumb Code   156  dnaninf.o(x$fpl$dnaninf)
    __fpl_dretinf                            0x080024ad   Thumb Code    12  dretinf.o(x$fpl$dretinf)
    __aeabi_dsub                             0x080024b9   Thumb Code     0  daddsub_clz.o(x$fpl$dsub)
    _dsub                                    0x080024b9   Thumb Code   464  daddsub_clz.o(x$fpl$dsub)
    __aeabi_f2d                              0x0800268d   Thumb Code     0  f2d.o(x$fpl$f2d)
    _f2d                                     0x0800268d   Thumb Code    86  f2d.o(x$fpl$f2d)
    __aeabi_fadd                             0x080026e5   Thumb Code     0  faddsub_clz.o(x$fpl$fadd)
    _fadd                                    0x080026e5   Thumb Code   196  faddsub_clz.o(x$fpl$fadd)
    __aeabi_fdiv                             0x080027a9   Thumb Code     0  fdiv.o(x$fpl$fdiv)
    _fdiv                                    0x080027a9   Thumb Code   384  fdiv.o(x$fpl$fdiv)
    __aeabi_f2iz                             0x0800292d   Thumb Code     0  ffix.o(x$fpl$ffix)
    _ffix                                    0x0800292d   Thumb Code    54  ffix.o(x$fpl$ffix)
    __aeabi_f2uiz                            0x08002965   Thumb Code     0  ffixu.o(x$fpl$ffixu)
    _ffixu                                   0x08002965   Thumb Code    62  ffixu.o(x$fpl$ffixu)
    __aeabi_i2f                              0x080029a5   Thumb Code     0  fflt_clz.o(x$fpl$fflt)
    _fflt                                    0x080029a5   Thumb Code    48  fflt_clz.o(x$fpl$fflt)
    __aeabi_ui2f                             0x080029d5   Thumb Code     0  fflt_clz.o(x$fpl$ffltu)
    _ffltu                                   0x080029d5   Thumb Code    38  fflt_clz.o(x$fpl$ffltu)
    __aeabi_fmul                             0x080029fd   Thumb Code     0  fmul.o(x$fpl$fmul)
    _fmul                                    0x080029fd   Thumb Code   258  fmul.o(x$fpl$fmul)
    __fpl_fnaninf                            0x08002aff   Thumb Code   140  fnaninf.o(x$fpl$fnaninf)
    __fpl_fretinf                            0x08002b8b   Thumb Code    10  fretinf.o(x$fpl$fretinf)
    __aeabi_frsub                            0x08002b95   Thumb Code     0  faddsub_clz.o(x$fpl$frsb)
    _frsb                                    0x08002b95   Thumb Code    20  faddsub_clz.o(x$fpl$frsb)
    __aeabi_fsub                             0x08002ba9   Thumb Code     0  faddsub_clz.o(x$fpl$fsub)
    _fsub                                    0x08002ba9   Thumb Code   234  faddsub_clz.o(x$fpl$fsub)
    _printf_fp_dec                           0x08002c93   Thumb Code     4  printf1.o(x$fpl$printf1)
    __I$use$fp                               0x08002c96   Number         0  usenofp.o(x$fpl$usenofp)
    Region$$Table$$Base                      0x08002d2c   Number         0  anon$$obj.o(Region$$Table)
    Region$$Table$$Limit                     0x08002d4c   Number         0  anon$$obj.o(Region$$Table)
    i                                        0x20000000   Data           4  main_1.o(.data)
    j                                        0x20000004   Data           4  main_1.o(.data)
    k                                        0x20000008   Data           4  main_1.o(.data)
    n                                        0x2000000c   Data           4  main_1.o(.data)
    Type_command_arr                         0x20000010   Data           4  main_1.o(.data)
    Port_number_arr                          0x20000014   Data           8  main_1.o(.data)
    Type_sensor_arr                          0x2000001c   Data           3  main_1.o(.data)
    sensor                                   0x20000020   Data          60  main_1.o(.data)
    Flag1_Receive                            0x20000065   Data           1  uart.o(.data)
    Count1_Data                              0x20000066   Data           1  uart.o(.data)
    Flag2_Receive                            0x20000067   Data           1  uart.o(.data)
    Count2_Data                              0x20000068   Data           1  uart.o(.data)
    Flag3_Receive                            0x20000069   Data           1  uart.o(.data)
    Count3_Data                              0x2000006a   Data           1  uart.o(.data)
    temp_data                                0x2000006b   Data           1  uart.o(.data)
    SystemCoreClock                          0x2000006c   Data           4  system_stm32f10x.o(.data)
    AHBPrescTable                            0x20000070   Data          16  system_stm32f10x.o(.data)
    test                                     0x20000080   Data         116  main_1.o(.bss)
    detect_test                              0x200000f4   Data          64  main_1.o(.bss)
    Temp_data                                0x20000134   Data         100  main_1.o(.bss)
    Array1_Receive                           0x200001c0   Data          20  uart.o(.bss)
    Array2_Receive                           0x200001d4   Data          20  uart.o(.bss)
    Array3_Receive                           0x200001e8   Data          20  uart.o(.bss)
    ringbuffer_Test                          0x200001fc   Data          16  uart.o(.bss)
    __libspace_start                         0x2000020c   Data          96  libspace.o(.bss)
    __temporary_stack_top$libspace           0x2000026c   Data           0  libspace.o(.bss)



==============================================================================

Memory Map of the image

  Image Entry point : 0x080001a1

  Load Region LR_1 (Base: 0x08000000, Size: 0x00002de8, Max: 0xffffffff, ABSOLUTE)

    Execution Region ER_RO (Exec base: 0x08000000, Load base: 0x08000000, Size: 0x00002d68, Max: 0xffffffff, ABSOLUTE)

    Exec Addr    Load Addr    Size         Type   Attr      Idx    E Section Name        Object

    0x08000000   0x08000000   0x000000ec   Data   RO         1510    RESET               startup_stm32f10x_md.o
    0x080000ec   0x080000ec   0x00000008   Code   RO         1595  * !!!main             c_w.l(__main.o)
    0x080000f4   0x080000f4   0x00000034   Code   RO         1863    !!!scatter          c_w.l(__scatter.o)
    0x08000128   0x08000128   0x0000001a   Code   RO         1865    !!handler_copy      c_w.l(__scatter_copy.o)
    0x08000142   0x08000142   0x00000002   PAD
    0x08000144   0x08000144   0x0000001c   Code   RO         1867    !!handler_zi        c_w.l(__scatter_zi.o)
    0x08000160   0x08000160   0x00000000   Code   RO         1590    .ARM.Collect$$_printf_percent$$00000000  c_w.l(_printf_percent.o)
    0x08000160   0x08000160   0x00000006   Code   RO         1589    .ARM.Collect$$_printf_percent$$00000003  c_w.l(_printf_f.o)
    0x08000166   0x08000166   0x00000004   Code   RO         1652    .ARM.Collect$$_printf_percent$$00000017  c_w.l(_printf_percent_end.o)
    0x0800016a   0x0800016a   0x00000002   Code   RO         1736    .ARM.Collect$$libinit$$00000000  c_w.l(libinit.o)
    0x0800016c   0x0800016c   0x00000000   Code   RO         1738    .ARM.Collect$$libinit$$00000002  c_w.l(libinit2.o)
    0x0800016c   0x0800016c   0x00000000   Code   RO         1740    .ARM.Collect$$libinit$$00000004  c_w.l(libinit2.o)
    0x0800016c   0x0800016c   0x00000000   Code   RO         1743    .ARM.Collect$$libinit$$0000000A  c_w.l(libinit2.o)
    0x0800016c   0x0800016c   0x00000000   Code   RO         1745    .ARM.Collect$$libinit$$0000000C  c_w.l(libinit2.o)
    0x0800016c   0x0800016c   0x00000000   Code   RO         1747    .ARM.Collect$$libinit$$0000000E  c_w.l(libinit2.o)
    0x0800016c   0x0800016c   0x00000006   Code   RO         1748    .ARM.Collect$$libinit$$0000000F  c_w.l(libinit2.o)
    0x08000172   0x08000172   0x00000000   Code   RO         1750    .ARM.Collect$$libinit$$00000011  c_w.l(libinit2.o)
    0x08000172   0x08000172   0x00000000   Code   RO         1752    .ARM.Collect$$libinit$$00000013  c_w.l(libinit2.o)
    0x08000172   0x08000172   0x00000000   Code   RO         1754    .ARM.Collect$$libinit$$00000015  c_w.l(libinit2.o)
    0x08000172   0x08000172   0x0000000a   Code   RO         1755    .ARM.Collect$$libinit$$00000016  c_w.l(libinit2.o)
    0x0800017c   0x0800017c   0x00000000   Code   RO         1756    .ARM.Collect$$libinit$$00000017  c_w.l(libinit2.o)
    0x0800017c   0x0800017c   0x00000000   Code   RO         1758    .ARM.Collect$$libinit$$00000019  c_w.l(libinit2.o)
    0x0800017c   0x0800017c   0x00000000   Code   RO         1760    .ARM.Collect$$libinit$$0000001B  c_w.l(libinit2.o)
    0x0800017c   0x0800017c   0x00000000   Code   RO         1762    .ARM.Collect$$libinit$$0000001D  c_w.l(libinit2.o)
    0x0800017c   0x0800017c   0x00000000   Code   RO         1764    .ARM.Collect$$libinit$$0000001F  c_w.l(libinit2.o)
    0x0800017c   0x0800017c   0x00000000   Code   RO         1766    .ARM.Collect$$libinit$$00000021  c_w.l(libinit2.o)
    0x0800017c   0x0800017c   0x00000000   Code   RO         1768    .ARM.Collect$$libinit$$00000023  c_w.l(libinit2.o)
    0x0800017c   0x0800017c   0x00000000   Code   RO         1770    .ARM.Collect$$libinit$$00000025  c_w.l(libinit2.o)
    0x0800017c   0x0800017c   0x00000000   Code   RO         1774    .ARM.Collect$$libinit$$0000002C  c_w.l(libinit2.o)
    0x0800017c   0x0800017c   0x00000000   Code   RO         1776    .ARM.Collect$$libinit$$0000002E  c_w.l(libinit2.o)
    0x0800017c   0x0800017c   0x00000000   Code   RO         1778    .ARM.Collect$$libinit$$00000030  c_w.l(libinit2.o)
    0x0800017c   0x0800017c   0x00000000   Code   RO         1780    .ARM.Collect$$libinit$$00000032  c_w.l(libinit2.o)
    0x0800017c   0x0800017c   0x00000002   Code   RO         1781    .ARM.Collect$$libinit$$00000033  c_w.l(libinit2.o)
    0x0800017e   0x0800017e   0x00000002   Code   RO         1811    .ARM.Collect$$libshutdown$$00000000  c_w.l(libshutdown.o)
    0x08000180   0x08000180   0x00000000   Code   RO         1822    .ARM.Collect$$libshutdown$$00000002  c_w.l(libshutdown2.o)
    0x08000180   0x08000180   0x00000000   Code   RO         1824    .ARM.Collect$$libshutdown$$00000004  c_w.l(libshutdown2.o)
    0x08000180   0x08000180   0x00000000   Code   RO         1827    .ARM.Collect$$libshutdown$$00000007  c_w.l(libshutdown2.o)
    0x08000180   0x08000180   0x00000000   Code   RO         1830    .ARM.Collect$$libshutdown$$0000000A  c_w.l(libshutdown2.o)
    0x08000180   0x08000180   0x00000000   Code   RO         1832    .ARM.Collect$$libshutdown$$0000000C  c_w.l(libshutdown2.o)
    0x08000180   0x08000180   0x00000000   Code   RO         1835    .ARM.Collect$$libshutdown$$0000000F  c_w.l(libshutdown2.o)
    0x08000180   0x08000180   0x00000002   Code   RO         1836    .ARM.Collect$$libshutdown$$00000010  c_w.l(libshutdown2.o)
    0x08000182   0x08000182   0x00000000   Code   RO         1645    .ARM.Collect$$rtentry$$00000000  c_w.l(__rtentry.o)
    0x08000182   0x08000182   0x00000000   Code   RO         1665    .ARM.Collect$$rtentry$$00000002  c_w.l(__rtentry2.o)
    0x08000182   0x08000182   0x00000006   Code   RO         1677    .ARM.Collect$$rtentry$$00000004  c_w.l(__rtentry4.o)
    0x08000188   0x08000188   0x00000000   Code   RO         1667    .ARM.Collect$$rtentry$$00000009  c_w.l(__rtentry2.o)
    0x08000188   0x08000188   0x00000004   Code   RO         1668    .ARM.Collect$$rtentry$$0000000A  c_w.l(__rtentry2.o)
    0x0800018c   0x0800018c   0x00000000   Code   RO         1670    .ARM.Collect$$rtentry$$0000000C  c_w.l(__rtentry2.o)
    0x0800018c   0x0800018c   0x00000008   Code   RO         1671    .ARM.Collect$$rtentry$$0000000D  c_w.l(__rtentry2.o)
    0x08000194   0x08000194   0x00000002   Code   RO         1782    .ARM.Collect$$rtexit$$00000000  c_w.l(rtexit.o)
    0x08000196   0x08000196   0x00000000   Code   RO         1789    .ARM.Collect$$rtexit$$00000002  c_w.l(rtexit2.o)
    0x08000196   0x08000196   0x00000004   Code   RO         1790    .ARM.Collect$$rtexit$$00000003  c_w.l(rtexit2.o)
    0x0800019a   0x0800019a   0x00000006   Code   RO         1791    .ARM.Collect$$rtexit$$00000004  c_w.l(rtexit2.o)
    0x080001a0   0x080001a0   0x00000040   Code   RO         1511  * .text               startup_stm32f10x_md.o
    0x080001e0   0x080001e0   0x00000028   Code   RO         1565    .text               c_w.l(noretval__2sprintf.o)
    0x08000208   0x08000208   0x00000068   Code   RO         1567    .text               c_w.l(__printf.o)
    0x08000270   0x08000270   0x00000064   Code   RO         1591    .text               c_w.l(rt_memcpy_w.o)
    0x080002d4   0x080002d4   0x00000006   Code   RO         1593    .text               c_w.l(heapauxi.o)
    0x080002da   0x080002da   0x0000041e   Code   RO         1646    .text               c_w.l(_printf_fp_dec.o)
    0x080006f8   0x080006f8   0x00000030   Code   RO         1648    .text               c_w.l(_printf_char_common.o)
    0x08000728   0x08000728   0x0000000a   Code   RO         1650    .text               c_w.l(_sputc.o)
    0x08000732   0x08000732   0x00000002   PAD
    0x08000734   0x08000734   0x00000008   Code   RO         1682    .text               c_w.l(rt_locale_intlibspace.o)
    0x0800073c   0x0800073c   0x0000008a   Code   RO         1684    .text               c_w.l(lludiv10.o)
    0x080007c6   0x080007c6   0x00000002   PAD
    0x080007c8   0x080007c8   0x00000080   Code   RO         1686    .text               c_w.l(_printf_fp_infnan.o)
    0x08000848   0x08000848   0x000000e4   Code   RO         1690    .text               c_w.l(bigflt0.o)
    0x0800092c   0x0800092c   0x00000008   Code   RO         1722    .text               c_w.l(libspace.o)
    0x08000934   0x08000934   0x0000004a   Code   RO         1725    .text               c_w.l(sys_stackheap_outer.o)
    0x0800097e   0x0800097e   0x00000012   Code   RO         1727    .text               c_w.l(exit.o)
    0x08000990   0x08000990   0x00000080   Code   RO         1729    .text               c_w.l(strcmpv7m.o)
    0x08000a10   0x08000a10   0x0000000c   Code   RO         1801    .text               c_w.l(sys_exit.o)
    0x08000a1c   0x08000a1c   0x00000002   Code   RO         1812    .text               c_w.l(use_no_semi.o)
    0x08000a1e   0x08000a1e   0x00000000   Code   RO         1814    .text               c_w.l(indicate_semi.o)
    0x08000a1e   0x08000a1e   0x0000003e   Code   RO         1693    CL$$btod_d2e        c_w.l(btod.o)
    0x08000a5c   0x08000a5c   0x00000046   Code   RO         1695    CL$$btod_d2e_denorm_low  c_w.l(btod.o)
    0x08000aa2   0x08000aa2   0x00000060   Code   RO         1694    CL$$btod_d2e_norm_op1  c_w.l(btod.o)
    0x08000b02   0x08000b02   0x00000338   Code   RO         1703    CL$$btod_div_common  c_w.l(btod.o)
    0x08000e3a   0x08000e3a   0x000000dc   Code   RO         1700    CL$$btod_e2e        c_w.l(btod.o)
    0x08000f16   0x08000f16   0x0000002a   Code   RO         1697    CL$$btod_ediv       c_w.l(btod.o)
    0x08000f40   0x08000f40   0x0000002a   Code   RO         1696    CL$$btod_emul       c_w.l(btod.o)
    0x08000f6a   0x08000f6a   0x00000244   Code   RO         1702    CL$$btod_mult_common  c_w.l(btod.o)
    0x080011ae   0x080011ae   0x00000002   PAD
    0x080011b0   0x080011b0   0x0000008c   Code   RO          247    i.INIT_UART_2       uart.o
    0x0800123c   0x0800123c   0x00000008   Code   RO         1518    i.SetSysClock       system_stm32f10x.o
    0x08001244   0x08001244   0x000000e0   Code   RO         1519    i.SetSysClockTo72   system_stm32f10x.o
    0x08001324   0x08001324   0x000001c0   Code   RO            4    i.Show_detect       main_1.o
    0x080014e4   0x080014e4   0x00000060   Code   RO         1521    i.SystemInit        system_stm32f10x.o
    0x08001544   0x08001544   0x00000020   Code   RO          253    i.UART2_SendChar    uart.o
    0x08001564   0x08001564   0x00000016   Code   RO          254    i.UART2_SendString  uart.o
    0x0800157a   0x0800157a   0x00000002   PAD
    0x0800157c   0x0800157c   0x00000054   Code   RO          257    i.USART1_IRQHandler  uart.o
    0x080015d0   0x080015d0   0x00000038   Code   RO          258    i.USART2_IRQHandler  uart.o
    0x08001608   0x08001608   0x00000054   Code   RO          259    i.USART3_IRQHandler  uart.o
    0x0800165c   0x0800165c   0x0000001e   Code   RO         1320    i.USART_ClearITPendingBit  stm32f10x_usart.o
    0x0800167a   0x0800167a   0x0000000a   Code   RO         1337    i.USART_ReceiveData  stm32f10x_usart.o
    0x08001684   0x08001684   0x00000028   Code   RO         1720    i.__ARM_fpclassify  m_ws.l(fpclassify.o)
    0x080016ac   0x080016ac   0x00000022   Code   RO          260    i.__NVIC_EnableIRQ  uart.o
    0x080016ce   0x080016ce   0x00000002   PAD
    0x080016d0   0x080016d0   0x00000044   Code   RO          167    i.checksum          device_command.o
    0x08001714   0x08001714   0x000001b0   Code   RO          168    i.comm_create_command  device_command.o
    0x080018c4   0x080018c4   0x000000dc   Code   RO          169    i.comm_detect_command  device_command.o
    0x080019a0   0x080019a0   0x000000d0   Code   RO          170    i.conver_floatTostr  device_command.o
    0x08001a70   0x08001a70   0x000000cc   Code   RO          171    i.conver_strTofloat  device_command.o
    0x08001b3c   0x08001b3c   0x00000068   Code   RO          172    i.conver_unsigned_intTostr  device_command.o
    0x08001ba4   0x08001ba4   0x00000030   Code   RO          173    i.conver_unsigned_strToint  device_command.o
    0x08001bd4   0x08001bd4   0x0000001e   Code   RO            5    i.delay             main_1.o
    0x08001bf2   0x08001bf2   0x00000002   PAD
    0x08001bf4   0x08001bf4   0x00000144   Code   RO            6    i.main              main_1.o
    0x08001d38   0x08001d38   0x00000012   Code   RO          105    i.ringbuffer_empty  ringbuffer.o
    0x08001d4a   0x08001d4a   0x0000001e   Code   RO          106    i.ringbuffer_full   ringbuffer.o
    0x08001d68   0x08001d68   0x000000ec   Code   RO          107    i.ringbuffer_get_arr  ringbuffer.o
    0x08001e54   0x08001e54   0x00000006   Code   RO          108    i.ringbuffer_get_head  ringbuffer.o
    0x08001e5a   0x08001e5a   0x00000006   Code   RO          109    i.ringbuffer_get_tail  ringbuffer.o
    0x08001e60   0x08001e60   0x00000012   Code   RO          110    i.ringbuffer_increase_head  ringbuffer.o
    0x08001e72   0x08001e72   0x00000012   Code   RO          111    i.ringbuffer_increase_tail  ringbuffer.o
    0x08001e84   0x08001e84   0x00000018   Code   RO          112    i.ringbuffer_init   ringbuffer.o
    0x08001e9c   0x08001e9c   0x00000026   Code   RO          113    i.ringbuffer_pop    ringbuffer.o
    0x08001ec2   0x08001ec2   0x00000026   Code   RO          114    i.ringbuffer_push   ringbuffer.o
    0x08001ee8   0x08001ee8   0x0000001e   Code   RO          174    i.string_cat        device_command.o
    0x08001f06   0x08001f06   0x00000022   Code   RO          175    i.string_cmp_len    device_command.o
    0x08001f28   0x08001f28   0x0000002a   Code   RO          176    i.string_copy       device_command.o
    0x08001f52   0x08001f52   0x00000002   PAD
    0x08001f54   0x08001f54   0x00000038   Code   RO          177    i.string_crc        device_command.o
    0x08001f8c   0x08001f8c   0x00000012   Code   RO          178    i.string_length     device_command.o
    0x08001f9e   0x08001f9e   0x0000007e   Code   RO          179    i.string_split      device_command.o
    0x0800201c   0x0800201c   0x0000002c   Code   RO         1716    locale$$code        c_w.l(lc_numeric_c.o)
    0x08002048   0x08002048   0x00000062   Code   RO         1597    x$fpl$d2f           fz_ws.l(d2f.o)
    0x080020aa   0x080020aa   0x00000002   PAD
    0x080020ac   0x080020ac   0x00000150   Code   RO         1599    x$fpl$dadd          fz_ws.l(daddsub_clz.o)
    0x080021fc   0x080021fc   0x00000018   Code   RO         1653    x$fpl$dcmpinf       fz_ws.l(dcmpi.o)
    0x08002214   0x08002214   0x0000002e   Code   RO         1606    x$fpl$dflt          fz_ws.l(dflt_clz.o)
    0x08002242   0x08002242   0x00000002   PAD
    0x08002244   0x08002244   0x00000078   Code   RO         1611    x$fpl$dleqf         fz_ws.l(dleqf.o)
    0x080022bc   0x080022bc   0x00000154   Code   RO         1613    x$fpl$dmul          fz_ws.l(dmul.o)
    0x08002410   0x08002410   0x0000009c   Code   RO         1655    x$fpl$dnaninf       fz_ws.l(dnaninf.o)
    0x080024ac   0x080024ac   0x0000000c   Code   RO         1657    x$fpl$dretinf       fz_ws.l(dretinf.o)
    0x080024b8   0x080024b8   0x000001d4   Code   RO         1601    x$fpl$dsub          fz_ws.l(daddsub_clz.o)
    0x0800268c   0x0800268c   0x00000056   Code   RO         1615    x$fpl$f2d           fz_ws.l(f2d.o)
    0x080026e2   0x080026e2   0x00000002   PAD
    0x080026e4   0x080026e4   0x000000c4   Code   RO         1617    x$fpl$fadd          fz_ws.l(faddsub_clz.o)
    0x080027a8   0x080027a8   0x00000184   Code   RO         1624    x$fpl$fdiv          fz_ws.l(fdiv.o)
    0x0800292c   0x0800292c   0x00000036   Code   RO         1627    x$fpl$ffix          fz_ws.l(ffix.o)
    0x08002962   0x08002962   0x00000002   PAD
    0x08002964   0x08002964   0x0000003e   Code   RO         1631    x$fpl$ffixu         fz_ws.l(ffixu.o)
    0x080029a2   0x080029a2   0x00000002   PAD
    0x080029a4   0x080029a4   0x00000030   Code   RO         1636    x$fpl$fflt          fz_ws.l(fflt_clz.o)
    0x080029d4   0x080029d4   0x00000026   Code   RO         1635    x$fpl$ffltu         fz_ws.l(fflt_clz.o)
    0x080029fa   0x080029fa   0x00000002   PAD
    0x080029fc   0x080029fc   0x00000102   Code   RO         1641    x$fpl$fmul          fz_ws.l(fmul.o)
    0x08002afe   0x08002afe   0x0000008c   Code   RO         1659    x$fpl$fnaninf       fz_ws.l(fnaninf.o)
    0x08002b8a   0x08002b8a   0x0000000a   Code   RO         1661    x$fpl$fretinf       fz_ws.l(fretinf.o)
    0x08002b94   0x08002b94   0x00000014   Code   RO         1618    x$fpl$frsb          fz_ws.l(faddsub_clz.o)
    0x08002ba8   0x08002ba8   0x000000ea   Code   RO         1619    x$fpl$fsub          fz_ws.l(faddsub_clz.o)
    0x08002c92   0x08002c92   0x00000004   Code   RO         1643    x$fpl$printf1       fz_ws.l(printf1.o)
    0x08002c96   0x08002c96   0x00000000   Code   RO         1663    x$fpl$usenofp       fz_ws.l(usenofp.o)
    0x08002c96   0x08002c96   0x00000002   PAD
    0x08002c98   0x08002c98   0x00000094   Data   RO         1691    .constdata          c_w.l(bigflt0.o)
    0x08002d2c   0x08002d2c   0x00000020   Data   RO         1861    Region$$Table       anon$$obj.o
    0x08002d4c   0x08002d4c   0x0000001c   Data   RO         1715    locale$$data        c_w.l(lc_numeric_c.o)


    Execution Region ER_RW (Exec base: 0x20000000, Load base: 0x08002d68, Size: 0x00000080, Max: 0xffffffff, ABSOLUTE)

    Exec Addr    Load Addr    Size         Type   Attr      Idx    E Section Name        Object

    0x20000000   0x08002d68   0x0000005c   Data   RW            8    .data               main_1.o
    0x2000005c   0x08002dc4   0x00000009   Data   RW          181    .data               device_command.o
    0x20000065   0x08002dcd   0x00000007   Data   RW          262    .data               uart.o
    0x2000006c   0x08002dd4   0x00000014   Data   RW         1522    .data               system_stm32f10x.o


    Execution Region ER_ZI (Exec base: 0x20000080, Load base: 0x08002de8, Size: 0x000007f0, Max: 0xffffffff, ABSOLUTE)

    Exec Addr    Load Addr    Size         Type   Attr      Idx    E Section Name        Object

    0x20000080        -       0x00000118   Zero   RW            7    .bss                main_1.o
    0x20000198        -       0x00000028   Zero   RW          180    .bss                device_command.o
    0x200001c0        -       0x0000004c   Zero   RW          261    .bss                uart.o
    0x2000020c        -       0x00000060   Zero   RW         1723    .bss                c_w.l(libspace.o)
    0x2000026c   0x08002de8   0x00000004   PAD
    0x20000270        -       0x00000200   Zero   RW         1509    HEAP                startup_stm32f10x_md.o
    0x20000470        -       0x00000400   Zero   RW         1508    STACK               startup_stm32f10x_md.o


==============================================================================

Image component sizes


      Code (inc. data)   RO Data    RW Data    ZI Data      Debug   Object Name

      1590         74          0          9         40       9028   device_command.o
       802        316          0         92        280     218502   main_1.o
       432          0          0          0          0       6086   ringbuffer.o
        64         26        236          0       1536        812   startup_stm32f10x_md.o
        40          0          0          0          0       2818   stm32f10x_usart.o
       328         28          0         20          0       2357   system_stm32f10x.o
       452         82          0          7         76       4397   uart.o

    ----------------------------------------------------------------------
      3716        526        268        128       1932     244000   Object Totals
         0          0         32          0          0          0   (incl. Generated)
         8          0          0          0          0          0   (incl. Padding)

    ----------------------------------------------------------------------

      Code (inc. data)   RO Data    RW Data    ZI Data      Debug   Library Member Name

         8          0          0          0          0         68   __main.o
       104          0          0          0          0         84   __printf.o
         0          0          0          0          0          0   __rtentry.o
        12          0          0          0          0          0   __rtentry2.o
         6          0          0          0          0          0   __rtentry4.o
        52          8          0          0          0          0   __scatter.o
        26          0          0          0          0          0   __scatter_copy.o
        28          0          0          0          0          0   __scatter_zi.o
        48          6          0          0          0         96   _printf_char_common.o
         6          0          0          0          0          0   _printf_f.o
      1054          0          0          0          0        216   _printf_fp_dec.o
       128         16          0          0          0         84   _printf_fp_infnan.o
         0          0          0          0          0          0   _printf_percent.o
         4          0          0          0          0          0   _printf_percent_end.o
        10          0          0          0          0         68   _sputc.o
       228          4        148          0          0         96   bigflt0.o
      1936        128          0          0          0        672   btod.o
        18          0          0          0          0         80   exit.o
         6          0          0          0          0        152   heapauxi.o
         0          0          0          0          0          0   indicate_semi.o
        44         10         28          0          0         76   lc_numeric_c.o
         2          0          0          0          0          0   libinit.o
        18          0          0          0          0          0   libinit2.o
         2          0          0          0          0          0   libshutdown.o
         2          0          0          0          0          0   libshutdown2.o
         8          4          0          0         96         68   libspace.o
       138          0          0          0          0         80   lludiv10.o
        40          6          0          0          0         84   noretval__2sprintf.o
         8          4          0          0          0         68   rt_locale_intlibspace.o
       100          0          0          0          0         80   rt_memcpy_w.o
         2          0          0          0          0          0   rtexit.o
        10          0          0          0          0          0   rtexit2.o
       128          0          0          0          0         68   strcmpv7m.o
        12          4          0          0          0         68   sys_exit.o
        74          0          0          0          0         80   sys_stackheap_outer.o
         2          0          0          0          0         68   use_no_semi.o
        98          4          0          0          0         92   d2f.o
       804         16          0          0          0        272   daddsub_clz.o
        24          0          0          0          0         68   dcmpi.o
        46          0          0          0          0         68   dflt_clz.o
       120          4          0          0          0         92   dleqf.o
       340         12          0          0          0        104   dmul.o
       156          4          0          0          0         92   dnaninf.o
        12          0          0          0          0         68   dretinf.o
        86          4          0          0          0         84   f2d.o
       450          8          0          0          0        236   faddsub_clz.o
       388         76          0          0          0         96   fdiv.o
        54          4          0          0          0         84   ffix.o
        62          4          0          0          0         84   ffixu.o
        86          0          0          0          0        136   fflt_clz.o
       258          4          0          0          0         84   fmul.o
       140          4          0          0          0         84   fnaninf.o
        10          0          0          0          0         68   fretinf.o
         4          0          0          0          0         68   printf1.o
         0          0          0          0          0          0   usenofp.o
        40          0          0          0          0         68   fpclassify.o

    ----------------------------------------------------------------------
      7464        334        176          0        100       4304   Library Totals
        22          0          0          0          4          0   (incl. Padding)

    ----------------------------------------------------------------------

      Code (inc. data)   RO Data    RW Data    ZI Data      Debug   Library Name

      4264        190        176          0         96       2356   c_w.l
      3138        144          0          0          0       1880   fz_ws.l
        40          0          0          0          0         68   m_ws.l

    ----------------------------------------------------------------------
      7464        334        176          0        100       4304   Library Totals

    ----------------------------------------------------------------------

==============================================================================


      Code (inc. data)   RO Data    RW Data    ZI Data      Debug   

     11180        860        444        128       2032     244036   Grand Totals
     11180        860        444        128       2032     244036   ELF Image Totals
     11180        860        444        128          0          0   ROM Totals

==============================================================================

    Total RO  Size (Code + RO Data)                11624 (  11.35kB)
    Total RW  Size (RW Data + ZI Data)              2160 (   2.11kB)
    Total ROM Size (Code + RO Data + RW Data)      11752 (  11.48kB)

==============================================================================

