<html>
<body>
<pre>
<h1>µVision Build Log</h1>
<h2>Tool Versions:</h2>
IDE-Version: µVision V5.21.1.0
Copyright (C) 2016 ARM Ltd and ARM Germany GmbH. All rights reserved.
License Information: dfbrt egreg, ergre, LIC=IK1BF-6J3WP-LQX0Q-NRALU-PA1NW-VND2I
 
Tool Versions:
Toolchain:       MDK-ARM Plus  Version: 5.21a
Toolchain Path:  D:\KeilC  c5\ARM\ARMCC\Bin
C Compiler:      Armcc.exe V5.06 update 3 (build 300)
Assembler:       Armasm.exe V5.06 update 3 (build 300)
Linker/Locator:  ArmLink.exe V5.06 update 3 (build 300)
Library Manager: ArmAr.exe V5.06 update 3 (build 300)
Hex Converter:   FromElf.exe V5.06 update 3 (build 300)
CPU DLL:         SARMCM3.DLL V5.21a
Dialog DLL:      DCM.DLL V1.13.8.0
Target DLL:      STLink\ST-LINKIII-KEIL_SWO.dll V2.0.18.0
Dialog DLL:      TCM.DLL V1.14.14.0
 
<h2>Project:</h2>
C:\Users\hnaco\Desktop\A Bien\STM32 - Copy\MDK\test_senser.uvprojx
Project File Date:  10/28/2022

<h2>Output:</h2>
*** Using Compiler 'V5.06 update 3 (build 300)', folder: 'D:\KeilC  c5\ARM\ARMCC\Bin'
Rebuild target 'test'
compiling ringbuffer.c...
..\USER\ringbuffer.h(43): warning:  #1-D: last line of file ends without a newline
  #endif
..\USER\ringbuffer.c(18): warning:  #513-D: a value of type "char *" cannot be assigned to an entity of type "unsigned char *"
          _rb_type_t_->data          = arr_buffer;
..\USER\ringbuffer.c(147): warning:  #1-D: last line of file ends without a newline
  }
..\USER\ringbuffer.c(93): warning:  #550-D: variable "location_end" was set but never used
      unsigned int location_end = 0;
..\USER\ringbuffer.c: 4 warnings, 0 errors
compiling device_command.c...
..\USER\device_command.h(90): warning:  #1-D: last line of file ends without a newline
  #endif
..\USER\device_command.c(63): warning:  #111-D: statement is unreachable
          break;
..\USER\device_command.c(81): warning:  #111-D: statement is unreachable
          break;
..\USER\device_command.c(99): warning:  #188-D: enumerated type mixed with another type
      _data_struct_->type_msg =  conver_unsigned_strToint(temp_str[1]);
..\USER\device_command.c(103): warning:  #188-D: enumerated type mixed with another type
          _data_struct_->port_number =  conver_unsigned_strToint(temp_str[2]);
..\USER\device_command.c(111): warning:  #188-D: enumerated type mixed with another type
          _data_struct_->port_number = conver_unsigned_strToint(temp_str[2]);
..\USER\device_command.c(112): warning:  #188-D: enumerated type mixed with another type
          _data_struct_->type_sensor = conver_unsigned_strToint(temp_str[3]);
..\USER\device_command.c(120): warning:  #188-D: enumerated type mixed with another type
          _data_struct_->port_number =  conver_unsigned_strToint(temp_str[2]);
..\USER\device_command.c(128): warning:  #188-D: enumerated type mixed with another type
          _data_struct_->port_number = conver_unsigned_strToint(temp_str[2]);
..\USER\device_command.c(129): warning:  #188-D: enumerated type mixed with another type
          _data_struct_->type_sensor = conver_unsigned_strToint(temp_str[3]);
..\USER\device_command.c(351): warning:  #1-D: last line of file ends without a newline
  }
..\USER\device_command.c: 11 warnings, 0 errors
compiling stm32f10x_gpio.c...
compiling misc.c...
compiling main.c...
..\USER\ringbuffer.h(43): warning:  #1-D: last line of file ends without a newline
  #endif
..\USER\device_command.h(90): warning:  #1-D: last line of file ends without a newline
  #endif
..\USER\define.h(54): warning:  #1-D: last line of file ends without a newline
  /******************************************************************************/
..\USER\main.c: 3 warnings, 0 errors
compiling uart.c...
..\USER\ringbuffer.h(43): warning:  #1-D: last line of file ends without a newline
  #endif
..\USER\uart.c: 1 warning, 0 errors
compiling define.c...
..\USER\ringbuffer.h(43): warning:  #1-D: last line of file ends without a newline
  #endif
..\USER\device_command.h(90): warning:  #1-D: last line of file ends without a newline
  #endif
..\USER\define.h(54): warning:  #1-D: last line of file ends without a newline
  /******************************************************************************/
..\USER\define.c(52): warning:  #111-D: statement is unreachable
  	switch(detect_test.port_number)
..\USER\define.c: 4 warnings, 0 errors
assembling startup_stm32f10x_md.s...
compiling stm32f10x_rcc.c...
compiling stm32f10x_tim.c...
compiling stm32f10x_usart.c...
compiling system_stm32f10x.c...
linking...
Program Size: Code=2248 RO-data=268 RW-data=36 ZI-data=1708  
".\Objects\test_senser.axf" - 0 Error(s), 23 Warning(s).

<h2>Software Packages used:</h2>

Package Vendor: ARM
                http://www.keil.com/pack/ARM.CMSIS.4.5.0.pack
                ARM::CMSIS:CORE:4.3.0
                CMSIS (Cortex Microcontroller Software Interface Standard)
   * Component: CORE Version: 4.3.0

Package Vendor: Keil
                http://www.keil.com/pack/Keil.STM32F1xx_DFP.2.1.0.pack
                Keil::Device:StdPeriph Drivers:USART:3.5.0
                STMicroelectronics STM32F1 Series Device Support, Drivers and Examples
   * Component: USART Version: 3.5.0
   * Component: Startup Version: 1.0.0
   * Component: RCC Version: 3.5.0
   * Component: Framework Version: 3.5.1
   * Component: GPIO Version: 3.5.0
   * Component: TIM Version: 3.5.0

<h2>Collection of Component include folders:</h2>
  C:\Users\hnaco\Desktop\A Bien\STM32 - Copy\MDK\RTE
  C:\Users\hnaco\Desktop\A Bien\STM32 - Copy\MDK\RTE\Device\STM32F103C8
  D:\KeilC  c5\ARM\PACK\ARM\CMSIS\4.5.0\CMSIS\Include
  D:\KeilC  c5\ARM\PACK\Keil\STM32F1xx_DFP\2.1.0\Device\Include
  D:\KeilC  c5\ARM\PACK\Keil\STM32F1xx_DFP\2.1.0\Device\StdPeriph_Driver\inc

<h2>Collection of Component Files used:</h2>

   * Component: ARM::CMSIS:CORE:4.3.0

   * Component: Keil::Device:StdPeriph Drivers:USART:3.5.0
      Include file:  Device\StdPeriph_Driver\inc\stm32f10x_usart.h
      Source file:   Device\StdPeriph_Driver\src\stm32f10x_usart.c

   * Component: Keil::Device:Startup:1.0.0
      Include file:  RTE_Driver\Config\RTE_Device.h
      Source file:   Device\Source\ARM\STM32F1xx_OPT.s
      Source file:   Device\Source\ARM\startup_stm32f10x_md.s
      Source file:   Device\Source\system_stm32f10x.c

   * Component: Keil::Device:StdPeriph Drivers:RCC:3.5.0
      Include file:  Device\StdPeriph_Driver\inc\stm32f10x_rcc.h
      Source file:   Device\StdPeriph_Driver\src\stm32f10x_rcc.c

   * Component: Keil::Device:StdPeriph Drivers:Framework:3.5.1
      Include file:  Device\StdPeriph_Driver\inc\misc.h
      Source file:   Device\StdPeriph_Driver\src\misc.c
      Source file:   Device\StdPeriph_Driver\templates\stm32f10x_conf.h
      Include file:  Device\StdPeriph_Driver\templates\stm32f10x_it.h
      Source file:   Device\StdPeriph_Driver\templates\stm32f10x_it.c

   * Component: Keil::Device:StdPeriph Drivers:GPIO:3.5.0
      Source file:   Device\StdPeriph_Driver\src\stm32f10x_gpio.c
      Include file:  Device\StdPeriph_Driver\inc\stm32f10x_gpio.h

   * Component: Keil::Device:StdPeriph Drivers:TIM:3.5.0
      Source file:   Device\StdPeriph_Driver\src\stm32f10x_tim.c
      Include file:  Device\StdPeriph_Driver\inc\stm32f10x_tim.h
Build Time Elapsed:  00:00:02
</pre>
</body>
</html>
